0 verbose cli /data/data/com.termux/files/usr/bin/node /data/data/com.termux/files/usr/bin/npm
1 info using npm@11.14.1
2 info using node@v24.14.1
3 silly config load:file:/data/data/com.termux/files/usr/lib/node_modules/npm/npmrc
4 silly config load:file:/data/data/com.termux/files/home/.npmrc
5 silly config load:file:/data/data/com.termux/files/usr/etc/npmrc
6 verbose title npm install express cors firebase
7 verbose argv "install" "express" "cors" "firebase"
8 verbose logfile logs-max:10 dir:/data/data/com.termux/files/home/.npm/_logs/2026-05-19T15_47_51_975Z-
9 verbose logfile /data/data/com.termux/files/home/.npm/_logs/2026-05-19T15_47_51_975Z-debug-0.log
10 silly logfile done cleaning log files
11 silly packumentCache heap:1079246848 maxSize:269811712 maxEntrySize:134905856
12 silly idealTree buildDeps
13 silly fetch manifest express@^5.2.1
14 silly packumentCache full:https://registry.npmjs.org/express cache-miss
15 http fetch GET 200 https://registry.npmjs.org/express 891ms (cache revalidated)
16 silly packumentCache full:https://registry.npmjs.org/express set size:804947 disposed:false
17 silly fetch manifest cors@*
18 silly packumentCache full:https://registry.npmjs.org/cors cache-miss
19 http fetch GET 200 https://registry.npmjs.org/cors 407ms (cache revalidated)
20 silly packumentCache full:https://registry.npmjs.org/cors set size:77956 disposed:false
21 silly fetch manifest firebase@*
22 silly packumentCache full:https://registry.npmjs.org/firebase cache-miss
23 http fetch GET 200 https://registry.npmjs.org/firebase 1045ms (cache revalidated)
24 silly packumentCache full:https://registry.npmjs.org/firebase set size:29972457 disposed:false
25 silly placeDep ROOT cors@2.8.6 OK for:  want: *
26 silly placeDep ROOT express@5.2.1 REPLACE for:  want: ^5.2.1
27 silly placeDep ROOT firebase@12.13.0 OK for:  want: *
28 silly fetch manifest object-assign@^4
29 silly packumentCache full:https://registry.npmjs.org/object-assign cache-miss
30 silly fetch manifest @firebase/ai@2.12.0
31 silly packumentCache full:https://registry.npmjs.org/@firebase%2fai cache-miss
32 silly fetch manifest @firebase/app@0.14.12
33 silly packumentCache full:https://registry.npmjs.org/@firebase%2fapp cache-miss
34 silly fetch manifest @firebase/app-compat@0.5.12
35 silly packumentCache full:https://registry.npmjs.org/@firebase%2fapp-compat cache-miss
36 silly fetch manifest @firebase/app-types@0.9.5
37 silly packumentCache full:https://registry.npmjs.org/@firebase%2fapp-types cache-miss
38 silly fetch manifest @firebase/auth@1.13.1
39 silly packumentCache full:https://registry.npmjs.org/@firebase%2fauth cache-miss
40 silly fetch manifest @firebase/auth-compat@0.6.6
41 silly packumentCache full:https://registry.npmjs.org/@firebase%2fauth-compat cache-miss
42 http fetch GET 200 https://registry.npmjs.org/object-assign 770ms (cache revalidated)
43 silly packumentCache full:https://registry.npmjs.org/object-assign set size:28988 disposed:false
44 silly fetch manifest @firebase/data-connect@0.7.0
45 silly packumentCache full:https://registry.npmjs.org/@firebase%2fdata-connect cache-miss
46 http fetch GET 200 https://registry.npmjs.org/@firebase%2fai 958ms (cache revalidated)
47 silly packumentCache full:https://registry.npmjs.org/@firebase%2fai set size:865582 disposed:false
48 silly fetch manifest @firebase/database@1.1.3
49 silly packumentCache full:https://registry.npmjs.org/@firebase%2fdatabase cache-miss
50 http fetch GET 200 https://registry.npmjs.org/@firebase%2fapp-compat 1410ms (cache revalidated)
51 silly packumentCache full:https://registry.npmjs.org/@firebase%2fapp-compat set size:6244325 disposed:false
52 silly fetch manifest @firebase/database-compat@2.1.4
53 silly packumentCache full:https://registry.npmjs.org/@firebase%2fdatabase-compat cache-miss
54 http fetch GET 200 https://registry.npmjs.org/@firebase%2fapp-types 1684ms (cache revalidated)
55 silly packumentCache full:https://registry.npmjs.org/@firebase%2fapp-types set size:8583221 disposed:false
56 silly fetch manifest @firebase/firestore@4.14.1
57 silly packumentCache full:https://registry.npmjs.org/@firebase%2ffirestore cache-miss
58 http fetch GET 200 https://registry.npmjs.org/@firebase%2fapp 1945ms (cache revalidated)
59 silly packumentCache full:https://registry.npmjs.org/@firebase%2fapp set size:15019214 disposed:false
60 silly fetch manifest @firebase/firestore-compat@0.4.9
61 silly packumentCache full:https://registry.npmjs.org/@firebase%2ffirestore-compat cache-miss
62 http fetch GET 200 https://registry.npmjs.org/@firebase%2fauth-compat 2348ms (cache revalidated)
63 silly packumentCache full:https://registry.npmjs.org/@firebase%2fauth-compat set size:7554380 disposed:false
64 silly fetch manifest @firebase/functions@0.13.4
65 silly packumentCache full:https://registry.npmjs.org/@firebase%2ffunctions cache-miss
66 http fetch GET 200 https://registry.npmjs.org/@firebase%2fdata-connect 1773ms (cache revalidated)
67 silly packumentCache full:https://registry.npmjs.org/@firebase%2fdata-connect set size:1893269 disposed:false
68 silly fetch manifest @firebase/functions-compat@0.4.4
69 silly packumentCache full:https://registry.npmjs.org/@firebase%2ffunctions-compat cache-miss
70 http fetch GET 200 https://registry.npmjs.org/@firebase%2fdatabase-compat 1085ms (cache revalidated)
71 silly packumentCache full:https://registry.npmjs.org/@firebase%2fdatabase-compat set size:6281272 disposed:false
72 silly fetch manifest @firebase/installations@0.6.22
73 silly packumentCache full:https://registry.npmjs.org/@firebase%2finstallations cache-miss
74 http fetch GET 200 https://registry.npmjs.org/@firebase%2fdatabase 1859ms (cache revalidated)
75 silly packumentCache full:https://registry.npmjs.org/@firebase%2fdatabase set size:16604091 disposed:false
76 silly fetch manifest @firebase/installations-compat@0.2.22
77 silly packumentCache full:https://registry.npmjs.org/@firebase%2finstallations-compat cache-miss
78 http fetch GET 200 https://registry.npmjs.org/@firebase%2fauth 3244ms (cache revalidated)
79 silly packumentCache full:https://registry.npmjs.org/@firebase%2fauth set size:17970609 disposed:false
80 silly fetch manifest @firebase/messaging@0.12.26
81 silly packumentCache full:https://registry.npmjs.org/@firebase%2fmessaging cache-miss
82 http fetch GET 200 https://registry.npmjs.org/@firebase%2ffirestore-compat 2428ms (cache revalidated)
83 silly packumentCache full:https://registry.npmjs.org/@firebase%2ffirestore-compat set size:6874427 disposed:false
84 silly fetch manifest @firebase/messaging-compat@0.2.26
85 silly packumentCache full:https://registry.npmjs.org/@firebase%2fmessaging-compat cache-miss
86 http fetch GET 200 https://registry.npmjs.org/@firebase%2ffunctions 2567ms (cache revalidated)
87 silly packumentCache full:https://registry.npmjs.org/@firebase%2ffunctions set size:15641638 disposed:false
88 silly fetch manifest @firebase/storage@0.14.3
89 silly packumentCache full:https://registry.npmjs.org/@firebase%2fstorage cache-miss
90 http fetch GET 200 https://registry.npmjs.org/@firebase%2finstallations 2612ms (cache revalidated)
91 silly packumentCache full:https://registry.npmjs.org/@firebase%2finstallations set size:12130837 disposed:false
92 silly fetch manifest @firebase/storage-compat@0.4.3
93 silly packumentCache full:https://registry.npmjs.org/@firebase%2fstorage-compat cache-miss
94 http fetch GET 200 https://registry.npmjs.org/@firebase%2ffirestore 3933ms (cache revalidated)
95 silly packumentCache full:https://registry.npmjs.org/@firebase%2ffirestore set size:27836286 disposed:false
96 silly fetch manifest @firebase/performance@0.7.12
97 silly packumentCache full:https://registry.npmjs.org/@firebase%2fperformance cache-miss
98 http fetch GET 200 https://registry.npmjs.org/@firebase%2finstallations-compat 3267ms (cache revalidated)
99 silly packumentCache full:https://registry.npmjs.org/@firebase%2finstallations-compat set size:5686426 disposed:false
100 silly fetch manifest @firebase/performance-compat@0.2.25
101 silly packumentCache full:https://registry.npmjs.org/@firebase%2fperformance-compat cache-miss
102 http fetch GET 200 https://registry.npmjs.org/@firebase%2ffunctions-compat 3957ms (cache revalidated)
103 silly packumentCache full:https://registry.npmjs.org/@firebase%2ffunctions-compat set size:6430201 disposed:false
104 silly fetch manifest @firebase/remote-config@0.8.3
105 silly packumentCache full:https://registry.npmjs.org/@firebase%2fremote-config cache-miss
106 http fetch GET 200 https://registry.npmjs.org/@firebase%2fmessaging 3079ms (cache revalidated)
107 silly packumentCache full:https://registry.npmjs.org/@firebase%2fmessaging set size:15407693 disposed:false
108 silly fetch manifest @firebase/remote-config-compat@0.2.24
109 silly packumentCache full:https://registry.npmjs.org/@firebase%2fremote-config-compat cache-miss
110 http fetch GET 200 https://registry.npmjs.org/@firebase%2fmessaging-compat 2374ms (cache revalidated)
111 silly packumentCache full:https://registry.npmjs.org/@firebase%2fmessaging-compat set size:5550417 disposed:false
112 silly fetch manifest @firebase/analytics@0.10.22
113 silly packumentCache full:https://registry.npmjs.org/@firebase%2fanalytics cache-miss
114 http fetch GET 200 https://registry.npmjs.org/@firebase%2fstorage-compat 1858ms (cache revalidated)
115 silly packumentCache full:https://registry.npmjs.org/@firebase%2fstorage-compat set size:6268928 disposed:false
116 silly fetch manifest @firebase/analytics-compat@0.2.28
117 silly packumentCache full:https://registry.npmjs.org/@firebase%2fanalytics-compat cache-miss
118 http fetch GET 200 https://registry.npmjs.org/@firebase%2fstorage 2414ms (cache revalidated)
119 silly packumentCache full:https://registry.npmjs.org/@firebase%2fstorage set size:14953950 disposed:false
120 silly fetch manifest @firebase/app-check@0.11.3
121 silly packumentCache full:https://registry.npmjs.org/@firebase%2fapp-check cache-miss
122 http fetch GET 200 https://registry.npmjs.org/@firebase%2fremote-config-compat 1913ms (cache revalidated)
123 silly packumentCache full:https://registry.npmjs.org/@firebase%2fremote-config-compat set size:5948112 disposed:false
124 silly fetch manifest @firebase/app-check-compat@0.4.3
125 silly packumentCache full:https://registry.npmjs.org/@firebase%2fapp-check-compat cache-miss
126 http fetch GET 200 https://registry.npmjs.org/@firebase%2fremote-config 2769ms (cache revalidated)
127 silly packumentCache full:https://registry.npmjs.org/@firebase%2fremote-config set size:11212529 disposed:false
128 silly fetch manifest @firebase/util@1.15.1
129 silly packumentCache full:https://registry.npmjs.org/@firebase%2futil cache-miss
130 http fetch GET 200 https://registry.npmjs.org/@firebase%2fanalytics 2248ms (cache revalidated)
131 silly packumentCache full:https://registry.npmjs.org/@firebase%2fanalytics set size:11371281 disposed:false
132 http fetch GET 200 https://registry.npmjs.org/@firebase%2fanalytics-compat 7031ms (cache revalidated)
133 silly packumentCache full:https://registry.npmjs.org/@firebase%2fanalytics-compat set size:5766776 disposed:false
134 http fetch GET 200 https://registry.npmjs.org/@firebase%2fapp-check-compat 12565ms (cache revalidated)
135 silly packumentCache full:https://registry.npmjs.org/@firebase%2fapp-check-compat set size:5779446 disposed:false
136 http fetch GET https://registry.npmjs.org/@firebase%2fapp-check attempt 1 failed with ETIMEDOUT
137 http fetch GET 200 https://registry.npmjs.org/@firebase%2fapp-check 46197ms (cache revalidated)
138 silly packumentCache full:https://registry.npmjs.org/@firebase%2fapp-check set size:6467196 disposed:false
139 http fetch GET 200 https://registry.npmjs.org/@firebase%2futil 50551ms (cache revalidated)
140 silly packumentCache full:https://registry.npmjs.org/@firebase%2futil set size:13157455 disposed:false
141 http fetch GET 200 https://registry.npmjs.org/@firebase%2fperformance-compat 139175ms (cache miss)
142 silly packumentCache full:https://registry.npmjs.org/@firebase%2fperformance-compat set size:undefined disposed:false
143 silly placeDep ROOT object-assign@4.1.1 OK for: cors@2.8.6 want: ^4
144 silly fetch manifest @react-native-async-storage/async-storage@^2.2.0 || ^3.0.0
145 silly packumentCache full:https://registry.npmjs.org/@react-native-async-storage%2fasync-storage cache-miss
146 http fetch GET 200 https://registry.npmjs.org/@react-native-async-storage%2fasync-storage 179ms (cache revalidated)
147 silly packumentCache full:https://registry.npmjs.org/@react-native-async-storage%2fasync-storage set size:414145 disposed:false
148 silly fetch manifest react@*
149 silly packumentCache full:https://registry.npmjs.org/react cache-miss
150 http fetch GET 200 https://registry.npmjs.org/react 5926ms (cache miss)
151 silly packumentCache full:https://registry.npmjs.org/react set size:undefined disposed:false
152 silly fetch manifest react-native@*
153 silly packumentCache full:https://registry.npmjs.org/react-native cache-miss
154 silly fetch manifest @firebase/performance@0.7.12
155 silly packumentCache full:https://registry.npmjs.org/@firebase%2fperformance cache-miss
156 http fetch GET https://registry.npmjs.org/@firebase%2fperformance attempt 1 failed with ETIMEDOUT
157 http fetch GET 200 https://registry.npmjs.org/@firebase%2fperformance 94552ms attempt #2 (cache miss)
158 silly packumentCache full:https://registry.npmjs.org/@firebase%2fperformance set size:undefined disposed:false
159 silly placeDep ROOT @firebase/ai@2.12.0 OK for: firebase@12.13.0 want: 2.12.0
160 silly placeDep ROOT @firebase/app@0.14.12 OK for: @firebase/ai@2.12.0 want: 0.x
161 silly placeDep ROOT @firebase/app-types@0.9.5 OK for: @firebase/ai@2.12.0 want: 0.x
162 silly placeDep ROOT @firebase/analytics@0.10.22 OK for: firebase@12.13.0 want: 0.10.22
163 silly placeDep ROOT @firebase/analytics-compat@0.2.28 OK for: firebase@12.13.0 want: 0.2.28
164 silly placeDep ROOT @firebase/app-compat@0.5.12 OK for: @firebase/analytics-compat@0.2.28 want: 0.x
165 silly placeDep ROOT @firebase/app-check@0.11.3 OK for: firebase@12.13.0 want: 0.11.3
166 silly placeDep ROOT @firebase/app-check-compat@0.4.3 OK for: firebase@12.13.0 want: 0.4.3
167 silly placeDep ROOT @firebase/auth@1.13.1 OK for: firebase@12.13.0 want: 1.13.1
168 silly placeDep ROOT @firebase/auth-compat@0.6.6 OK for: firebase@12.13.0 want: 0.6.6
169 silly placeDep ROOT @firebase/data-connect@0.7.0 OK for: firebase@12.13.0 want: 0.7.0
170 silly placeDep ROOT @firebase/database@1.1.3 OK for: firebase@12.13.0 want: 1.1.3
171 silly placeDep ROOT @firebase/database-compat@2.1.4 OK for: firebase@12.13.0 want: 2.1.4
172 silly placeDep ROOT @firebase/firestore@4.14.1 OK for: firebase@12.13.0 want: 4.14.1
173 silly placeDep ROOT @firebase/firestore-compat@0.4.9 OK for: firebase@12.13.0 want: 0.4.9
174 silly placeDep ROOT @firebase/functions@0.13.4 OK for: firebase@12.13.0 want: 0.13.4
175 silly placeDep ROOT @firebase/functions-compat@0.4.4 OK for: firebase@12.13.0 want: 0.4.4
176 silly placeDep ROOT @firebase/installations@0.6.22 OK for: firebase@12.13.0 want: 0.6.22
177 silly placeDep ROOT @firebase/installations-compat@0.2.22 OK for: firebase@12.13.0 want: 0.2.22
178 silly placeDep ROOT @firebase/messaging@0.12.26 OK for: firebase@12.13.0 want: 0.12.26
179 silly placeDep ROOT @firebase/messaging-compat@0.2.26 OK for: firebase@12.13.0 want: 0.2.26
180 silly placeDep ROOT @firebase/performance@0.7.12 OK for: firebase@12.13.0 want: 0.7.12
181 silly placeDep ROOT @firebase/performance-compat@0.2.25 OK for: firebase@12.13.0 want: 0.2.25
182 silly placeDep ROOT @firebase/remote-config@0.8.3 OK for: firebase@12.13.0 want: 0.8.3
183 silly placeDep ROOT @firebase/remote-config-compat@0.2.24 OK for: firebase@12.13.0 want: 0.2.24
184 silly placeDep ROOT @firebase/storage@0.14.3 OK for: firebase@12.13.0 want: 0.14.3
185 silly placeDep ROOT @firebase/storage-compat@0.4.3 OK for: firebase@12.13.0 want: 0.4.3
186 silly placeDep ROOT @firebase/util@1.15.1 OK for: firebase@12.13.0 want: 1.15.1
187 silly fetch manifest @firebase/app-check-interop-types@0.3.4
188 silly packumentCache full:https://registry.npmjs.org/@firebase%2fapp-check-interop-types cache-miss
189 silly fetch manifest @firebase/component@0.7.3
190 silly packumentCache full:https://registry.npmjs.org/@firebase%2fcomponent cache-miss
191 silly fetch manifest @firebase/logger@0.5.1
192 silly packumentCache full:https://registry.npmjs.org/@firebase%2flogger cache-miss
193 silly fetch manifest tslib@^2.1.0
194 silly packumentCache full:https://registry.npmjs.org/tslib cache-miss
195 silly fetch manifest @firebase/logger@0.5.1
196 silly packumentCache full:https://registry.npmjs.org/@firebase%2flogger cache-miss
197 silly fetch manifest @firebase/logger@0.5.1
198 silly packumentCache full:https://registry.npmjs.org/@firebase%2flogger cache-miss
199 silly fetch manifest @firebase/component@0.7.3
200 silly packumentCache full:https://registry.npmjs.org/@firebase%2fcomponent cache-miss
201 http fetch GET 200 https://registry.npmjs.org/@firebase%2fapp-check-interop-types 1590ms (cache revalidated)
202 silly packumentCache full:https://registry.npmjs.org/@firebase%2fapp-check-interop-types set size:3691958 disposed:false
203 silly fetch manifest idb@7.1.1
204 silly packumentCache full:https://registry.npmjs.org/idb cache-miss
205 http fetch GET 200 https://registry.npmjs.org/idb 1218ms (cache revalidated)
206 silly packumentCache full:https://registry.npmjs.org/idb set size:170881 disposed:false
207 silly fetch manifest tslib@^2.1.0
208 silly packumentCache full:https://registry.npmjs.org/tslib cache-miss
209 http fetch GET 200 https://registry.npmjs.org/tslib 553ms (cache revalidated)
210 silly packumentCache full:https://registry.npmjs.org/tslib set size:108760 disposed:false
211 silly fetch manifest @firebase/logger@0.5.1
212 silly packumentCache full:https://registry.npmjs.org/@firebase%2flogger cache-miss
213 http fetch GET 200 https://registry.npmjs.org/tslib 3924ms (cache revalidated)
214 silly packumentCache full:https://registry.npmjs.org/tslib set size:108760 disposed:false
215 silly packumentCache full:https://registry.npmjs.org/tslib dispose
216 silly fetch manifest @firebase/component@0.7.3
217 silly packumentCache full:https://registry.npmjs.org/@firebase%2fcomponent cache-miss
218 http fetch GET 200 https://registry.npmjs.org/@firebase%2flogger 4017ms (cache revalidated)
219 silly packumentCache full:https://registry.npmjs.org/@firebase%2flogger set size:11881595 disposed:false
220 silly fetch manifest @firebase/component@0.7.3
221 silly packumentCache full:https://registry.npmjs.org/@firebase%2fcomponent cache-miss
222 http fetch GET 200 https://registry.npmjs.org/@firebase%2flogger 4531ms (cache revalidated)
223 silly packumentCache full:https://registry.npmjs.org/@firebase%2flogger set size:11881595 disposed:false
224 silly fetch manifest @firebase/analytics-types@0.8.4
225 silly packumentCache full:https://registry.npmjs.org/@firebase%2fanalytics-types cache-miss
226 http fetch GET 200 https://registry.npmjs.org/@firebase%2flogger 5069ms (cache revalidated)
227 silly packumentCache full:https://registry.npmjs.org/@firebase%2flogger set size:11881595 disposed:false
228 silly fetch manifest @firebase/component@0.7.3
229 silly packumentCache full:https://registry.npmjs.org/@firebase%2fcomponent cache-miss
230 http fetch GET 200 https://registry.npmjs.org/@firebase%2flogger 1838ms (cache revalidated)
231 silly packumentCache full:https://registry.npmjs.org/@firebase%2flogger set size:11881595 disposed:false
232 silly fetch manifest @firebase/component@0.7.3
233 silly packumentCache full:https://registry.npmjs.org/@firebase%2fcomponent cache-miss
234 http fetch GET 200 https://registry.npmjs.org/@firebase%2fcomponent 5823ms (cache revalidated)
235 silly packumentCache full:https://registry.npmjs.org/@firebase%2fcomponent set size:9333331 disposed:false
236 silly fetch manifest @firebase/app-check-types@0.5.4
237 silly packumentCache full:https://registry.npmjs.org/@firebase%2fapp-check-types cache-miss
238 http cache https://registry.npmjs.org/@firebase%2fcomponent 907ms (cache hit)
239 silly packumentCache full:https://registry.npmjs.org/@firebase%2fcomponent set size:9333331 disposed:false
240 silly fetch manifest @firebase/auth-types@0.13.1
241 silly packumentCache full:https://registry.npmjs.org/@firebase%2fauth-types cache-miss
242 http cache https://registry.npmjs.org/@firebase%2fcomponent 737ms (cache hit)
243 silly packumentCache full:https://registry.npmjs.org/@firebase%2fcomponent set size:9333331 disposed:false
244 silly fetch manifest @firebase/auth-interop-types@0.2.5
245 silly packumentCache full:https://registry.npmjs.org/@firebase%2fauth-interop-types cache-miss
246 http fetch GET 200 https://registry.npmjs.org/@firebase%2fcomponent 2548ms (cache revalidated)
247 silly packumentCache full:https://registry.npmjs.org/@firebase%2fcomponent set size:9333331 disposed:false
248 silly fetch manifest @firebase/auth-interop-types@0.2.5
249 silly packumentCache full:https://registry.npmjs.org/@firebase%2fauth-interop-types cache-miss
250 http fetch GET 200 https://registry.npmjs.org/@firebase%2fcomponent 3298ms (cache revalidated)
251 silly packumentCache full:https://registry.npmjs.org/@firebase%2fcomponent set size:9333331 disposed:false
252 silly fetch manifest faye-websocket@0.11.4
253 silly packumentCache full:https://registry.npmjs.org/faye-websocket cache-miss
254 http fetch GET 200 https://registry.npmjs.org/@firebase%2fanalytics-types 2578ms (cache revalidated)
255 silly packumentCache full:https://registry.npmjs.org/@firebase%2fanalytics-types set size:6700249 disposed:false
256 silly fetch manifest @firebase/database-types@1.0.20
257 silly packumentCache full:https://registry.npmjs.org/@firebase%2fdatabase-types cache-miss
258 http fetch GET 200 https://registry.npmjs.org/@firebase%2fcomponent 7731ms (cache revalidated)
259 silly packumentCache full:https://registry.npmjs.org/@firebase%2fcomponent set size:9333331 disposed:false
260 silly fetch manifest @firebase/webchannel-wrapper@1.0.6
261 silly packumentCache full:https://registry.npmjs.org/@firebase%2fwebchannel-wrapper cache-miss
262 http fetch GET 200 https://registry.npmjs.org/@firebase%2fapp-check-types 1868ms (cache revalidated)
263 silly packumentCache full:https://registry.npmjs.org/@firebase%2fapp-check-types set size:3634757 disposed:false
264 silly fetch manifest @grpc/grpc-js@~1.9.0
265 silly packumentCache full:https://registry.npmjs.org/@grpc%2fgrpc-js cache-miss
266 http fetch GET 200 https://registry.npmjs.org/@firebase%2fauth-interop-types 1190ms (cache revalidated)
267 silly packumentCache full:https://registry.npmjs.org/@firebase%2fauth-interop-types set size:6601787 disposed:false
268 silly fetch manifest @grpc/proto-loader@^0.7.8
269 silly packumentCache full:https://registry.npmjs.org/@grpc%2fproto-loader cache-miss
270 http fetch GET 200 https://registry.npmjs.org/faye-websocket 781ms (cache revalidated)
271 silly packumentCache full:https://registry.npmjs.org/faye-websocket set size:45682 disposed:false
272 silly fetch manifest @firebase/firestore-types@3.0.4
273 silly packumentCache full:https://registry.npmjs.org/@firebase%2ffirestore-types cache-miss
274 http fetch GET 200 https://registry.npmjs.org/@firebase%2fauth-interop-types 1117ms (cache revalidated)
275 silly packumentCache full:https://registry.npmjs.org/@firebase%2fauth-interop-types set size:6601787 disposed:false
276 silly fetch manifest @firebase/messaging-interop-types@0.2.4
277 silly packumentCache full:https://registry.npmjs.org/@firebase%2fmessaging-interop-types cache-miss
278 http fetch GET 200 https://registry.npmjs.org/@firebase%2fauth-types 2067ms (cache revalidated)
279 silly packumentCache full:https://registry.npmjs.org/@firebase%2fauth-types set size:8916447 disposed:false
280 silly fetch manifest @firebase/functions-types@0.6.4
281 silly packumentCache full:https://registry.npmjs.org/@firebase%2ffunctions-types cache-miss
282 http fetch GET 200 https://registry.npmjs.org/@firebase%2fdatabase-types 1106ms (cache revalidated)
283 silly packumentCache full:https://registry.npmjs.org/@firebase%2fdatabase-types set size:9136291 disposed:false
284 silly fetch manifest @firebase/installations-types@0.5.4
285 silly packumentCache full:https://registry.npmjs.org/@firebase%2finstallations-types cache-miss
286 http fetch GET 200 https://registry.npmjs.org/@grpc%2fgrpc-js 2232ms (cache revalidated)
287 silly packumentCache full:https://registry.npmjs.org/@grpc%2fgrpc-js set size:658277 disposed:false
288 silly fetch manifest @firebase/messaging-interop-types@0.2.4
289 silly packumentCache full:https://registry.npmjs.org/@firebase%2fmessaging-interop-types cache-miss
290 http fetch GET 200 https://registry.npmjs.org/@grpc%2fproto-loader 2153ms (cache revalidated)
291 silly packumentCache full:https://registry.npmjs.org/@grpc%2fproto-loader set size:218355 disposed:false
292 silly fetch manifest web-vitals@^4.2.4
293 silly packumentCache full:https://registry.npmjs.org/web-vitals cache-miss
294 http fetch GET 200 https://registry.npmjs.org/@firebase%2fwebchannel-wrapper 3388ms (cache revalidated)
295 silly packumentCache full:https://registry.npmjs.org/@firebase%2fwebchannel-wrapper set size:10721063 disposed:false
296 silly fetch manifest @firebase/performance-types@0.2.4
297 silly packumentCache full:https://registry.npmjs.org/@firebase%2fperformance-types cache-miss
298 http fetch GET 200 https://registry.npmjs.org/@firebase%2finstallations-types 3023ms (cache revalidated)
299 silly packumentCache full:https://registry.npmjs.org/@firebase%2finstallations-types set size:7496207 disposed:false
300 silly fetch manifest @firebase/remote-config-types@0.5.1
301 silly packumentCache full:https://registry.npmjs.org/@firebase%2fremote-config-types cache-miss
302 http fetch GET 200 https://registry.npmjs.org/@firebase%2ffunctions-types 3613ms (cache revalidated)
303 silly packumentCache full:https://registry.npmjs.org/@firebase%2ffunctions-types set size:8536494 disposed:false
304 silly fetch manifest @firebase/storage-types@0.8.4
305 silly packumentCache full:https://registry.npmjs.org/@firebase%2fstorage-types cache-miss
306 http fetch GET 200 https://registry.npmjs.org/@firebase%2fmessaging-interop-types 2236ms (cache revalidated)
307 silly packumentCache full:https://registry.npmjs.org/@firebase%2fmessaging-interop-types set size:3155120 disposed:false
308 http fetch GET 200 https://registry.npmjs.org/@firebase%2fmessaging-interop-types 4208ms (cache revalidated)
309 silly packumentCache full:https://registry.npmjs.org/@firebase%2fmessaging-interop-types set size:3155120 disposed:false
310 http fetch GET 200 https://registry.npmjs.org/@firebase%2fremote-config-types 1570ms (cache revalidated)
311 silly packumentCache full:https://registry.npmjs.org/@firebase%2fremote-config-types set size:6749716 disposed:false
312 http fetch GET 200 https://registry.npmjs.org/@firebase%2fstorage-types 1667ms (cache revalidated)
313 silly packumentCache full:https://registry.npmjs.org/@firebase%2fstorage-types set size:8900279 disposed:false
314 http fetch GET 200 https://registry.npmjs.org/web-vitals 4330ms (cache miss)
315 silly packumentCache full:https://registry.npmjs.org/web-vitals set size:undefined disposed:false
316 http fetch GET 200 https://registry.npmjs.org/@firebase%2ffirestore-types 54115ms (cache miss)
317 silly packumentCache full:https://registry.npmjs.org/@firebase%2ffirestore-types set size:undefined disposed:false
318 http fetch GET 200 https://registry.npmjs.org/@firebase%2fperformance-types 65681ms (cache miss)
319 silly packumentCache full:https://registry.npmjs.org/@firebase%2fperformance-types set size:undefined disposed:false
320 silly placeDep ROOT @firebase/app-check-interop-types@0.3.4 OK for: @firebase/ai@2.12.0 want: 0.3.4
321 silly placeDep ROOT @firebase/component@0.7.3 OK for: @firebase/ai@2.12.0 want: 0.7.3
322 silly placeDep ROOT @firebase/logger@0.5.1 OK for: @firebase/ai@2.12.0 want: 0.5.1
323 silly placeDep ROOT tslib@2.8.1 OK for: @firebase/ai@2.12.0 want: ^2.1.0
324 silly placeDep ROOT @firebase/analytics-types@0.8.4 OK for: @firebase/analytics-compat@0.2.28 want: 0.8.4
325 silly placeDep ROOT idb@7.1.1 OK for: @firebase/app@0.14.12 want: 7.1.1
326 silly placeDep ROOT @firebase/app-check-types@0.5.4 OK for: @firebase/app-check-compat@0.4.3 want: 0.5.4
327 silly fetch manifest @firebase/app-types@0.x
328 silly packumentCache full:https://registry.npmjs.org/@firebase%2fapp-types cache-miss
329 http fetch GET 200 https://registry.npmjs.org/@firebase%2fapp-types 1325ms (cache revalidated)
330 silly packumentCache full:https://registry.npmjs.org/@firebase%2fapp-types set size:8583221 disposed:false
331 silly placeDep ROOT @firebase/auth-types@0.13.1 OK for: @firebase/auth-compat@0.6.6 want: 0.13.1
332 silly placeDep ROOT @firebase/auth-interop-types@0.2.5 OK for: @firebase/data-connect@0.7.0 want: 0.2.5
333 silly placeDep ROOT faye-websocket@0.11.4 OK for: @firebase/database@1.1.3 want: 0.11.4
334 silly fetch manifest websocket-driver@>=0.5.1
335 silly packumentCache full:https://registry.npmjs.org/websocket-driver cache-miss
336 http fetch GET 200 https://registry.npmjs.org/websocket-driver 772ms (cache revalidated)
337 silly packumentCache full:https://registry.npmjs.org/websocket-driver set size:55869 disposed:false
338 silly placeDep ROOT @firebase/database-types@1.0.20 OK for: @firebase/database-compat@2.1.4 want: 1.0.20
339 silly placeDep ROOT @firebase/webchannel-wrapper@1.0.6 OK for: @firebase/firestore@4.14.1 want: 1.0.6
340 silly placeDep ROOT @grpc/grpc-js@1.9.15 OK for: @firebase/firestore@4.14.1 want: ~1.9.0
341 silly placeDep ROOT @grpc/proto-loader@0.7.15 OK for: @firebase/firestore@4.14.1 want: ^0.7.8
342 silly fetch manifest @types/node@>=12.12.47
343 silly packumentCache full:https://registry.npmjs.org/@types%2fnode cache-miss
344 silly fetch manifest long@^5.0.0
345 silly packumentCache full:https://registry.npmjs.org/long cache-miss
346 silly fetch manifest yargs@^17.7.2
347 silly packumentCache full:https://registry.npmjs.org/yargs cache-miss
348 silly fetch manifest protobufjs@^7.2.5
349 silly packumentCache full:https://registry.npmjs.org/protobufjs cache-miss
350 silly fetch manifest lodash.camelcase@^4.3.0
351 silly packumentCache full:https://registry.npmjs.org/lodash.camelcase cache-miss
352 http fetch GET 200 https://registry.npmjs.org/protobufjs 820ms (cache revalidated)
353 silly packumentCache full:https://registry.npmjs.org/protobufjs set size:671611 disposed:false
354 http fetch GET 200 https://registry.npmjs.org/long 905ms (cache revalidated)
355 silly packumentCache full:https://registry.npmjs.org/long set size:80704 disposed:false
356 http fetch GET 200 https://registry.npmjs.org/@types%2fnode 1053ms (cache revalidated)
357 silly packumentCache full:https://registry.npmjs.org/@types%2fnode set size:11012080 disposed:false
358 http fetch GET 200 https://registry.npmjs.org/lodash.camelcase 1404ms (cache revalidated)
359 silly packumentCache full:https://registry.npmjs.org/lodash.camelcase set size:16993 disposed:false
360 http fetch GET 200 https://registry.npmjs.org/yargs 1419ms (cache revalidated)
361 silly packumentCache full:https://registry.npmjs.org/yargs set size:743056 disposed:false
362 silly placeDep ROOT @firebase/firestore-types@3.0.4 OK for: @firebase/firestore-compat@0.4.9 want: 3.0.4
363 silly placeDep ROOT @firebase/messaging-interop-types@0.2.4 OK for: @firebase/functions@0.13.4 want: 0.2.4
364 silly placeDep ROOT @firebase/functions-types@0.6.4 OK for: @firebase/functions-compat@0.4.4 want: 0.6.4
365 silly placeDep ROOT @firebase/installations-types@0.5.4 OK for: @firebase/installations-compat@0.2.22 want: 0.5.4
366 silly placeDep ROOT web-vitals@4.2.4 OK for: @firebase/performance@0.7.12 want: ^4.2.4
367 silly placeDep ROOT @firebase/performance-types@0.2.4 OK for: @firebase/performance-compat@0.2.25 want: 0.2.4
368 silly placeDep ROOT @firebase/remote-config-types@0.5.1 OK for: @firebase/remote-config-compat@0.2.24 want: 0.5.1
369 silly placeDep ROOT @firebase/storage-types@0.8.4 OK for: @firebase/storage-compat@0.4.3 want: 0.8.4
370 silly placeDep ROOT @types/node@25.9.0 OK for: @grpc/grpc-js@1.9.15 want: >=12.12.47
371 silly fetch manifest undici-types@>=7.24.0 <7.24.7
372 silly packumentCache full:https://registry.npmjs.org/undici-types cache-miss
373 http fetch GET 200 https://registry.npmjs.org/undici-types 7671ms (cache revalidated)
374 silly packumentCache full:https://registry.npmjs.org/undici-types set size:214705 disposed:false
375 silly placeDep ROOT lodash.camelcase@4.3.0 OK for: @grpc/proto-loader@0.7.15 want: ^4.3.0
376 silly placeDep ROOT long@5.3.2 OK for: @grpc/proto-loader@0.7.15 want: ^5.0.0
377 silly placeDep ROOT protobufjs@7.6.0 OK for: @grpc/proto-loader@0.7.15 want: ^7.2.5
378 silly placeDep ROOT yargs@17.7.2 OK for: @grpc/proto-loader@0.7.15 want: ^17.7.2
379 silly fetch manifest @protobufjs/aspromise@^1.1.2
380 silly packumentCache full:https://registry.npmjs.org/@protobufjs%2faspromise cache-miss
381 silly fetch manifest @protobufjs/base64@^1.1.2
382 silly packumentCache full:https://registry.npmjs.org/@protobufjs%2fbase64 cache-miss
383 silly fetch manifest @protobufjs/codegen@^2.0.5
384 silly packumentCache full:https://registry.npmjs.org/@protobufjs%2fcodegen cache-miss
385 silly fetch manifest @protobufjs/eventemitter@^1.1.0
386 silly packumentCache full:https://registry.npmjs.org/@protobufjs%2feventemitter cache-miss
387 silly fetch manifest @protobufjs/fetch@^1.1.1
388 silly packumentCache full:https://registry.npmjs.org/@protobufjs%2ffetch cache-miss
389 silly fetch manifest @protobufjs/float@^1.0.2
390 silly packumentCache full:https://registry.npmjs.org/@protobufjs%2ffloat cache-miss
391 silly fetch manifest @protobufjs/inquire@^1.1.2
392 silly packumentCache full:https://registry.npmjs.org/@protobufjs%2finquire cache-miss
393 http fetch GET 200 https://registry.npmjs.org/@protobufjs%2fcodegen 6053ms (cache revalidated)
394 silly packumentCache full:https://registry.npmjs.org/@protobufjs%2fcodegen set size:23820 disposed:false
395 silly fetch manifest @protobufjs/path@^1.1.2
396 silly packumentCache full:https://registry.npmjs.org/@protobufjs%2fpath cache-miss
397 http fetch GET 200 https://registry.npmjs.org/@protobufjs%2fbase64 7023ms (cache revalidated)
398 silly packumentCache full:https://registry.npmjs.org/@protobufjs%2fbase64 set size:14176 disposed:false
399 silly fetch manifest @protobufjs/pool@^1.1.0
400 silly packumentCache full:https://registry.npmjs.org/@protobufjs%2fpool cache-miss
401 http fetch GET 200 https://registry.npmjs.org/@protobufjs%2finquire 10096ms (cache revalidated)
402 silly packumentCache full:https://registry.npmjs.org/@protobufjs%2finquire set size:10538 disposed:false
403 silly fetch manifest @protobufjs/utf8@^1.1.1
404 silly packumentCache full:https://registry.npmjs.org/@protobufjs%2futf8 cache-miss
405 http fetch GET 200 https://registry.npmjs.org/@protobufjs%2fpool 3085ms (cache revalidated)
406 silly packumentCache full:https://registry.npmjs.org/@protobufjs%2fpool set size:10727 disposed:false
407 silly fetch manifest y18n@^5.0.5
408 silly packumentCache full:https://registry.npmjs.org/y18n cache-miss
409 http fetch GET https://registry.npmjs.org/@protobufjs%2faspromise attempt 1 failed with ETIMEDOUT
410 http fetch GET 200 https://registry.npmjs.org/@protobufjs%2feventemitter 24300ms (cache revalidated)
411 silly packumentCache full:https://registry.npmjs.org/@protobufjs%2feventemitter set size:11306 disposed:false
412 silly fetch manifest cliui@^8.0.1
413 silly packumentCache full:https://registry.npmjs.org/cliui cache-miss
414 http fetch GET 200 https://registry.npmjs.org/cliui 282ms (cache revalidated)
415 silly packumentCache full:https://registry.npmjs.org/cliui set size:69089 disposed:false
416 silly fetch manifest escalade@^3.1.1
417 silly packumentCache full:https://registry.npmjs.org/escalade cache-miss
418 http fetch GET 200 https://registry.npmjs.org/escalade 145ms (cache revalidated)
419 silly packumentCache full:https://registry.npmjs.org/escalade set size:33724 disposed:false
420 silly fetch manifest string-width@^4.2.3
421 silly packumentCache full:https://registry.npmjs.org/string-width cache-miss
422 http fetch GET 200 https://registry.npmjs.org/string-width 170ms (cache revalidated)
423 silly packumentCache full:https://registry.npmjs.org/string-width set size:70381 disposed:false
424 silly fetch manifest yargs-parser@^21.1.1
425 silly packumentCache full:https://registry.npmjs.org/yargs-parser cache-miss
426 http fetch GET 200 https://registry.npmjs.org/@protobufjs%2fpath 18921ms (cache revalidated)
427 silly packumentCache full:https://registry.npmjs.org/@protobufjs%2fpath set size:10241 disposed:false
428 silly fetch manifest get-caller-file@^2.0.5
429 silly packumentCache full:https://registry.npmjs.org/get-caller-file cache-miss
430 http fetch GET 200 https://registry.npmjs.org/yargs-parser 131ms (cache revalidated)
431 silly packumentCache full:https://registry.npmjs.org/yargs-parser set size:238630 disposed:false
432 silly fetch manifest require-directory@^2.1.1
433 silly packumentCache full:https://registry.npmjs.org/require-directory cache-miss
434 http fetch GET 200 https://registry.npmjs.org/get-caller-file 157ms (cache revalidated)
435 silly packumentCache full:https://registry.npmjs.org/get-caller-file set size:26456 disposed:false
436 http fetch GET 200 https://registry.npmjs.org/require-directory 199ms (cache revalidated)
437 silly packumentCache full:https://registry.npmjs.org/require-directory set size:26866 disposed:false
438 http fetch GET 200 https://registry.npmjs.org/@protobufjs%2ffloat 26298ms (cache revalidated)
439 silly packumentCache full:https://registry.npmjs.org/@protobufjs%2ffloat set size:9957 disposed:false
440 http fetch GET https://registry.npmjs.org/y18n attempt 1 failed with ETIMEDOUT
441 http fetch GET 200 https://registry.npmjs.org/@protobufjs%2faspromise 46499ms (cache revalidated)
442 silly packumentCache full:https://registry.npmjs.org/@protobufjs%2faspromise set size:11438 disposed:false
443 http fetch GET 200 https://registry.npmjs.org/@protobufjs%2futf8 37373ms (cache revalidated)
444 silly packumentCache full:https://registry.npmjs.org/@protobufjs%2futf8 set size:15634 disposed:false
445 http fetch GET 200 https://registry.npmjs.org/y18n 39854ms (cache revalidated)
446 silly packumentCache full:https://registry.npmjs.org/y18n set size:76155 disposed:false
447 http fetch GET 200 https://registry.npmjs.org/@protobufjs%2ffetch 54491ms (cache revalidated)
448 silly packumentCache full:https://registry.npmjs.org/@protobufjs%2ffetch set size:12023 disposed:false
449 silly placeDep ROOT undici-types@7.24.6 OK for: @types/node@25.9.0 want: >=7.24.0 <7.24.7
450 silly placeDep ROOT websocket-driver@0.7.4 OK for: faye-websocket@0.11.4 want: >=0.5.1
451 silly fetch manifest http-parser-js@>=0.5.1
452 silly packumentCache full:https://registry.npmjs.org/http-parser-js cache-miss
453 silly fetch manifest safe-buffer@>=5.1.0
454 silly packumentCache full:https://registry.npmjs.org/safe-buffer cache-miss
455 silly fetch manifest websocket-extensions@>=0.1.1
456 silly packumentCache full:https://registry.npmjs.org/websocket-extensions cache-miss
457 http fetch GET 200 https://registry.npmjs.org/websocket-extensions 168ms (cache revalidated)
458 silly packumentCache full:https://registry.npmjs.org/websocket-extensions set size:22792 disposed:false
459 http fetch GET 200 https://registry.npmjs.org/safe-buffer 181ms (cache revalidated)
460 silly packumentCache full:https://registry.npmjs.org/safe-buffer set size:41183 disposed:false
461 http fetch GET 200 https://registry.npmjs.org/http-parser-js 458ms (cache revalidated)
462 silly packumentCache full:https://registry.npmjs.org/http-parser-js set size:68161 disposed:false
463 silly placeDep ROOT @protobufjs/aspromise@1.1.2 OK for: protobufjs@7.6.0 want: ^1.1.2
464 silly placeDep ROOT @protobufjs/base64@1.1.2 OK for: protobufjs@7.6.0 want: ^1.1.2
465 silly placeDep ROOT @protobufjs/codegen@2.0.5 OK for: protobufjs@7.6.0 want: ^2.0.5
466 silly placeDep ROOT @protobufjs/eventemitter@1.1.0 OK for: protobufjs@7.6.0 want: ^1.1.0
467 silly placeDep ROOT @protobufjs/fetch@1.1.1 OK for: protobufjs@7.6.0 want: ^1.1.1
468 silly placeDep ROOT @protobufjs/float@1.0.2 OK for: protobufjs@7.6.0 want: ^1.0.2
469 silly placeDep ROOT @protobufjs/inquire@1.1.2 OK for: protobufjs@7.6.0 want: ^1.1.2
470 silly placeDep ROOT @protobufjs/path@1.1.2 OK for: protobufjs@7.6.0 want: ^1.1.2
471 silly placeDep ROOT @protobufjs/pool@1.1.0 OK for: protobufjs@7.6.0 want: ^1.1.0
472 silly placeDep ROOT @protobufjs/utf8@1.1.1 OK for: protobufjs@7.6.0 want: ^1.1.1
473 silly placeDep ROOT http-parser-js@0.5.10 OK for: websocket-driver@0.7.4 want: >=0.5.1
474 silly placeDep ROOT safe-buffer@5.2.1 OK for: websocket-driver@0.7.4 want: >=5.1.0
475 silly placeDep ROOT websocket-extensions@0.1.4 OK for: websocket-driver@0.7.4 want: >=0.1.1
476 silly placeDep ROOT cliui@8.0.1 OK for: yargs@17.7.2 want: ^8.0.1
477 silly placeDep ROOT escalade@3.2.0 OK for: yargs@17.7.2 want: ^3.1.1
478 silly placeDep ROOT get-caller-file@2.0.5 OK for: yargs@17.7.2 want: ^2.0.5
479 silly placeDep ROOT require-directory@2.1.1 OK for: yargs@17.7.2 want: ^2.1.1
480 silly placeDep ROOT string-width@4.2.3 OK for: yargs@17.7.2 want: ^4.2.3
481 silly placeDep ROOT y18n@5.0.8 OK for: yargs@17.7.2 want: ^5.0.5
482 silly placeDep ROOT yargs-parser@21.1.1 OK for: yargs@17.7.2 want: ^21.1.1
483 silly fetch manifest wrap-ansi@^7.0.0
484 silly packumentCache full:https://registry.npmjs.org/wrap-ansi cache-miss
485 silly fetch manifest strip-ansi@^6.0.1
486 silly packumentCache full:https://registry.npmjs.org/strip-ansi cache-miss
487 silly fetch manifest string-width@^4.2.0
488 silly packumentCache full:https://registry.npmjs.org/string-width cache-hit
489 silly fetch manifest strip-ansi@^6.0.1
490 silly packumentCache full:https://registry.npmjs.org/strip-ansi cache-miss
491 silly fetch manifest emoji-regex@^8.0.0
492 silly packumentCache full:https://registry.npmjs.org/emoji-regex cache-miss
493 silly fetch manifest is-fullwidth-code-point@^3.0.0
494 silly packumentCache full:https://registry.npmjs.org/is-fullwidth-code-point cache-miss
495 http fetch GET 200 https://registry.npmjs.org/strip-ansi 191ms (cache revalidated)
496 silly packumentCache full:https://registry.npmjs.org/strip-ansi set size:44998 disposed:false
497 http fetch GET 200 https://registry.npmjs.org/strip-ansi 195ms (cache revalidated)
498 silly packumentCache full:https://registry.npmjs.org/strip-ansi set size:44998 disposed:false
499 silly packumentCache full:https://registry.npmjs.org/strip-ansi dispose
500 http fetch GET 200 https://registry.npmjs.org/wrap-ansi 214ms (cache revalidated)
501 silly packumentCache full:https://registry.npmjs.org/wrap-ansi set size:55299 disposed:false
502 http fetch GET 200 https://registry.npmjs.org/is-fullwidth-code-point 678ms (cache revalidated)
503 silly packumentCache full:https://registry.npmjs.org/is-fullwidth-code-point set size:14578 disposed:false
504 http fetch GET 200 https://registry.npmjs.org/emoji-regex 695ms (cache revalidated)
505 silly packumentCache full:https://registry.npmjs.org/emoji-regex set size:89064 disposed:false
506 silly placeDep ROOT strip-ansi@6.0.1 OK for: cliui@8.0.1 want: ^6.0.1
507 silly placeDep ROOT wrap-ansi@7.0.0 OK for: cliui@8.0.1 want: ^7.0.0
508 silly fetch manifest ansi-regex@^5.0.1
509 silly packumentCache full:https://registry.npmjs.org/ansi-regex cache-miss
510 silly fetch manifest ansi-styles@^4.0.0
511 silly packumentCache full:https://registry.npmjs.org/ansi-styles cache-miss
512 http fetch GET 200 https://registry.npmjs.org/ansi-regex 195ms (cache revalidated)
513 silly packumentCache full:https://registry.npmjs.org/ansi-regex set size:43572 disposed:false
514 http fetch GET 200 https://registry.npmjs.org/ansi-styles 208ms (cache revalidated)
515 silly packumentCache full:https://registry.npmjs.org/ansi-styles set size:63233 disposed:false
516 silly placeDep ROOT emoji-regex@8.0.0 OK for: string-width@4.2.3 want: ^8.0.0
517 silly placeDep ROOT is-fullwidth-code-point@3.0.0 OK for: string-width@4.2.3 want: ^3.0.0
518 silly placeDep ROOT ansi-regex@5.0.1 OK for: strip-ansi@6.0.1 want: ^5.0.1
519 silly placeDep ROOT ansi-styles@4.3.0 OK for: wrap-ansi@7.0.0 want: ^4.0.0
520 silly fetch manifest color-convert@^2.0.1
521 silly packumentCache full:https://registry.npmjs.org/color-convert cache-miss
522 http fetch GET 200 https://registry.npmjs.org/color-convert 156ms (cache revalidated)
523 silly packumentCache full:https://registry.npmjs.org/color-convert set size:72663 disposed:false
524 silly placeDep ROOT color-convert@2.0.1 OK for: ansi-styles@4.3.0 want: ^2.0.1
525 silly fetch manifest color-name@~1.1.4
526 silly packumentCache full:https://registry.npmjs.org/color-name cache-miss
527 http fetch GET 200 https://registry.npmjs.org/color-name 161ms (cache revalidated)
528 silly packumentCache full:https://registry.npmjs.org/color-name set size:19467 disposed:false
529 silly placeDep ROOT color-name@1.1.4 OK for: color-convert@2.0.1 want: ~1.1.4
530 silly reify moves {}
531 silly audit bulk request {
531 silly audit   accepts: [ '2.0.0' ],
531 silly audit   'body-parser': [ '2.2.2' ],
531 silly audit   bytes: [ '3.1.2' ],
531 silly audit   'call-bind-apply-helpers': [ '1.0.2' ],
531 silly audit   'call-bound': [ '1.0.4' ],
531 silly audit   'content-disposition': [ '1.1.0' ],
531 silly audit   'content-type': [ '1.0.5', '2.0.0' ],
531 silly audit   cookie: [ '0.7.2' ],
531 silly audit   'cookie-signature': [ '1.2.2' ],
531 silly audit   debug: [ '4.4.3' ],
531 silly audit   depd: [ '2.0.0' ],
531 silly audit   'dunder-proto': [ '1.0.1' ],
531 silly audit   'ee-first': [ '1.1.1' ],
531 silly audit   encodeurl: [ '2.0.0' ],
531 silly audit   'es-define-property': [ '1.0.1' ],
531 silly audit   'es-errors': [ '1.3.0' ],
531 silly audit   'es-object-atoms': [ '1.1.1' ],
531 silly audit   'escape-html': [ '1.0.3' ],
531 silly audit   etag: [ '1.8.1' ],
531 silly audit   finalhandler: [ '2.1.1' ],
531 silly audit   forwarded: [ '0.2.0' ],
531 silly audit   fresh: [ '2.0.0' ],
531 silly audit   'function-bind': [ '1.1.2' ],
531 silly audit   'get-intrinsic': [ '1.3.0' ],
531 silly audit   'get-proto': [ '1.0.1' ],
531 silly audit   gopd: [ '1.2.0' ],
531 silly audit   'has-symbols': [ '1.1.0' ],
531 silly audit   hasown: [ '2.0.3' ],
531 silly audit   'http-errors': [ '2.0.1' ],
531 silly audit   'iconv-lite': [ '0.7.2' ],
531 silly audit   inherits: [ '2.0.4' ],
531 silly audit   'ipaddr.js': [ '1.9.1' ],
531 silly audit   'is-promise': [ '4.0.0' ],
531 silly audit   'math-intrinsics': [ '1.1.0' ],
531 silly audit   'media-typer': [ '1.1.0' ],
531 silly audit   'merge-descriptors': [ '2.0.0' ],
531 silly audit   'mime-db': [ '1.54.0' ],
531 silly audit   'mime-types': [ '3.0.2' ],
531 silly audit   ms: [ '2.1.3' ],
531 silly audit   negotiator: [ '1.0.0' ],
531 silly audit   'object-inspect': [ '1.13.4' ],
531 silly audit   'on-finished': [ '2.4.1' ],
531 silly audit   once: [ '1.4.0' ],
531 silly audit   parseurl: [ '1.3.3' ],
531 silly audit   'path-to-regexp': [ '8.4.2' ],
531 silly audit   'proxy-addr': [ '2.0.7' ],
531 silly audit   qs: [ '6.15.2' ],
531 silly audit   'range-parser': [ '1.2.1' ],
531 silly audit   'raw-body': [ '3.0.2' ],
531 silly audit   router: [ '2.2.0' ],
531 silly audit   'safer-buffer': [ '2.1.2' ],
531 silly audit   send: [ '1.2.1' ],
531 silly audit   'serve-static': [ '2.2.1' ],
531 silly audit   setprototypeof: [ '1.2.0' ],
531 silly audit   'side-channel': [ '1.1.0' ],
531 silly audit   'side-channel-list': [ '1.0.1' ],
531 silly audit   'side-channel-map': [ '1.0.1' ],
531 silly audit   'side-channel-weakmap': [ '1.0.2' ],
531 silly audit   statuses: [ '2.0.2' ],
531 silly audit   toidentifier: [ '1.0.1' ],
531 silly audit   'type-is': [ '2.1.0' ],
531 silly audit   unpipe: [ '1.0.0' ],
531 silly audit   vary: [ '1.1.2' ],
531 silly audit   wrappy: [ '1.0.2' ],
531 silly audit   cors: [ '2.8.6' ],
531 silly audit   express: [ '5.2.1' ],
531 silly audit   firebase: [ '12.13.0' ],
531 silly audit   'object-assign': [ '4.1.1' ],
531 silly audit   '@firebase/ai': [ '2.12.0' ],
531 silly audit   '@firebase/app': [ '0.14.12' ],
531 silly audit   '@firebase/app-types': [ '0.9.5' ],
531 silly audit   '@firebase/analytics': [ '0.10.22' ],
531 silly audit   '@firebase/analytics-compat': [ '0.2.28' ],
531 silly audit   '@firebase/app-compat': [ '0.5.12' ],
531 silly audit   '@firebase/app-check': [ '0.11.3' ],
531 silly audit   '@firebase/app-check-compat': [ '0.4.3' ],
531 silly audit   '@firebase/auth': [ '1.13.1' ],
531 silly audit   '@firebase/auth-compat': [ '0.6.6' ],
531 silly audit   '@firebase/data-connect': [ '0.7.0' ],
531 silly audit   '@firebase/database': [ '1.1.3' ],
531 silly audit   '@firebase/database-compat': [ '2.1.4' ],
531 silly audit   '@firebase/firestore': [ '4.14.1' ],
531 silly audit   '@firebase/firestore-compat': [ '0.4.9' ],
531 silly audit   '@firebase/functions': [ '0.13.4' ],
531 silly audit   '@firebase/functions-compat': [ '0.4.4' ],
531 silly audit   '@firebase/installations': [ '0.6.22' ],
531 silly audit   '@firebase/installations-compat': [ '0.2.22' ],
531 silly audit   '@firebase/messaging': [ '0.12.26' ],
531 silly audit   '@firebase/messaging-compat': [ '0.2.26' ],
531 silly audit   '@firebase/performance': [ '0.7.12' ],
531 silly audit   '@firebase/performance-compat': [ '0.2.25' ],
531 silly audit   '@firebase/remote-config': [ '0.8.3' ],
531 silly audit   '@firebase/remote-config-compat': [ '0.2.24' ],
531 silly audit   '@firebase/storage': [ '0.14.3' ],
531 silly audit   '@firebase/storage-compat': [ '0.4.3' ],
531 silly audit   '@firebase/util': [ '1.15.1' ],
531 silly audit   '@firebase/app-check-interop-types': [ '0.3.4' ],
531 silly audit   '@firebase/component': [ '0.7.3' ],
531 silly audit   '@firebase/logger': [ '0.5.1' ],
531 silly audit   tslib: [ '2.8.1' ],
531 silly audit   '@firebase/analytics-types': [ '0.8.4' ],
531 silly audit   idb: [ '7.1.1' ],
531 silly audit   '@firebase/app-check-types': [ '0.5.4' ],
531 silly audit   '@firebase/auth-types': [ '0.13.1' ],
531 silly audit   '@firebase/auth-interop-types': [ '0.2.5' ],
531 silly audit   'faye-websocket': [ '0.11.4' ],
531 silly audit   '@firebase/database-types': [ '1.0.20' ],
531 silly audit   '@firebase/webchannel-wrapper': [ '1.0.6' ],
531 silly audit   '@grpc/grpc-js': [ '1.9.15' ],
531 silly audit   '@grpc/proto-loader': [ '0.7.15' ],
531 silly audit   '@firebase/firestore-types': [ '3.0.4' ],
531 silly audit   '@firebase/messaging-interop-types': [ '0.2.4' ],
531 silly audit   '@firebase/functions-types': [ '0.6.4' ],
531 silly audit   '@firebase/installations-types': [ '0.5.4' ],
531 silly audit   'web-vitals': [ '4.2.4' ],
531 silly audit   '@firebase/performance-types': [ '0.2.4' ],
531 silly audit   '@firebase/remote-config-types': [ '0.5.1' ],
531 silly audit   '@firebase/storage-types': [ '0.8.4' ],
531 silly audit   '@types/node': [ '25.9.0' ],
531 silly audit   'lodash.camelcase': [ '4.3.0' ],
531 silly audit   long: [ '5.3.2' ],
531 silly audit   protobufjs: [ '7.6.0' ],
531 silly audit   yargs: [ '17.7.2' ],
531 silly audit   'undici-types': [ '7.24.6' ],
531 silly audit   'websocket-driver': [ '0.7.4' ],
531 silly audit   '@protobufjs/aspromise': [ '1.1.2' ],
531 silly audit   '@protobufjs/base64': [ '1.1.2' ],
531 silly audit   '@protobufjs/codegen': [ '2.0.5' ],
531 silly audit   '@protobufjs/eventemitter': [ '1.1.0' ],
531 silly audit   '@protobufjs/fetch': [ '1.1.1' ],
531 silly audit   '@protobufjs/float': [ '1.0.2' ],
531 silly audit   '@protobufjs/inquire': [ '1.1.2' ],
531 silly audit   '@protobufjs/path': [ '1.1.2' ],
531 silly audit   '@protobufjs/pool': [ '1.1.0' ],
531 silly audit   '@protobufjs/utf8': [ '1.1.1' ],
531 silly audit   'http-parser-js': [ '0.5.10' ],
531 silly audit   'safe-buffer': [ '5.2.1' ],
531 silly audit   'websocket-extensions': [ '0.1.4' ],
531 silly audit   cliui: [ '8.0.1' ],
531 silly audit   escalade: [ '3.2.0' ],
531 silly audit   'get-caller-file': [ '2.0.5' ],
531 silly audit   'require-directory': [ '2.1.1' ],
531 silly audit   'string-width': [ '4.2.3' ],
531 silly audit   y18n: [ '5.0.8' ],
531 silly audit   'yargs-parser': [ '21.1.1' ],
531 silly audit   'strip-ansi': [ '6.0.1' ],
531 silly audit   'wrap-ansi': [ '7.0.0' ],
531 silly audit   'emoji-regex': [ '8.0.0' ],
531 silly audit   'is-fullwidth-code-point': [ '3.0.0' ],
531 silly audit   'ansi-regex': [ '5.0.1' ],
531 silly audit   'ansi-styles': [ '4.3.0' ],
531 silly audit   'color-convert': [ '2.0.1' ],
531 silly audit   'color-name': [ '1.1.4' ]
531 silly audit }
532 http cache color-name@https://registry.npmjs.org/color-name/-/color-name-1.1.4.tgz 0ms (cache hit)
533 http cache color-convert@https://registry.npmjs.org/color-convert/-/color-convert-2.0.1.tgz 0ms (cache hit)
534 http cache ansi-styles@https://registry.npmjs.org/ansi-styles/-/ansi-styles-4.3.0.tgz 0ms (cache hit)
535 http cache ansi-regex@https://registry.npmjs.org/ansi-regex/-/ansi-regex-5.0.1.tgz 0ms (cache hit)
536 http cache is-fullwidth-code-point@https://registry.npmjs.org/is-fullwidth-code-point/-/is-fullwidth-code-point-3.0.0.tgz 0ms (cache hit)
537 http cache emoji-regex@https://registry.npmjs.org/emoji-regex/-/emoji-regex-8.0.0.tgz 0ms (cache hit)
538 http cache wrap-ansi@https://registry.npmjs.org/wrap-ansi/-/wrap-ansi-7.0.0.tgz 0ms (cache hit)
539 http cache strip-ansi@https://registry.npmjs.org/strip-ansi/-/strip-ansi-6.0.1.tgz 0ms (cache hit)
540 http cache yargs-parser@https://registry.npmjs.org/yargs-parser/-/yargs-parser-21.1.1.tgz 0ms (cache hit)
541 http cache string-width@https://registry.npmjs.org/string-width/-/string-width-4.2.3.tgz 0ms (cache hit)
542 http cache y18n@https://registry.npmjs.org/y18n/-/y18n-5.0.8.tgz 0ms (cache hit)
543 http cache get-caller-file@https://registry.npmjs.org/get-caller-file/-/get-caller-file-2.0.5.tgz 0ms (cache hit)
544 http cache require-directory@https://registry.npmjs.org/require-directory/-/require-directory-2.1.1.tgz 0ms (cache hit)
545 http cache cliui@https://registry.npmjs.org/cliui/-/cliui-8.0.1.tgz 0ms (cache hit)
546 http cache escalade@https://registry.npmjs.org/escalade/-/escalade-3.2.0.tgz 0ms (cache hit)
547 http cache websocket-extensions@https://registry.npmjs.org/websocket-extensions/-/websocket-extensions-0.1.4.tgz 0ms (cache hit)
548 http cache safe-buffer@https://registry.npmjs.org/safe-buffer/-/safe-buffer-5.2.1.tgz 0ms (cache hit)
549 http cache http-parser-js@https://registry.npmjs.org/http-parser-js/-/http-parser-js-0.5.10.tgz 0ms (cache hit)
550 http cache @protobufjs/utf8@https://registry.npmjs.org/@protobufjs/utf8/-/utf8-1.1.1.tgz 0ms (cache hit)
551 http cache @protobufjs/pool@https://registry.npmjs.org/@protobufjs/pool/-/pool-1.1.0.tgz 0ms (cache hit)
552 http cache @protobufjs/path@https://registry.npmjs.org/@protobufjs/path/-/path-1.1.2.tgz 0ms (cache hit)
553 http cache @protobufjs/inquire@https://registry.npmjs.org/@protobufjs/inquire/-/inquire-1.1.2.tgz 0ms (cache hit)
554 http cache @protobufjs/float@https://registry.npmjs.org/@protobufjs/float/-/float-1.0.2.tgz 0ms (cache hit)
555 http cache @protobufjs/fetch@https://registry.npmjs.org/@protobufjs/fetch/-/fetch-1.1.1.tgz 0ms (cache hit)
556 http cache @protobufjs/eventemitter@https://registry.npmjs.org/@protobufjs/eventemitter/-/eventemitter-1.1.0.tgz 0ms (cache hit)
557 http cache @protobufjs/codegen@https://registry.npmjs.org/@protobufjs/codegen/-/codegen-2.0.5.tgz 0ms (cache hit)
558 http cache @protobufjs/base64@https://registry.npmjs.org/@protobufjs/base64/-/base64-1.1.2.tgz 0ms (cache hit)
559 http cache @protobufjs/aspromise@https://registry.npmjs.org/@protobufjs/aspromise/-/aspromise-1.1.2.tgz 0ms (cache hit)
560 http cache websocket-driver@https://registry.npmjs.org/websocket-driver/-/websocket-driver-0.7.4.tgz 0ms (cache hit)
561 http cache undici-types@https://registry.npmjs.org/undici-types/-/undici-types-7.24.6.tgz 0ms (cache hit)
562 http cache yargs@https://registry.npmjs.org/yargs/-/yargs-17.7.2.tgz 0ms (cache hit)
563 http cache protobufjs@https://registry.npmjs.org/protobufjs/-/protobufjs-7.6.0.tgz 0ms (cache hit)
564 http cache long@https://registry.npmjs.org/long/-/long-5.3.2.tgz 0ms (cache hit)
565 http cache lodash.camelcase@https://registry.npmjs.org/lodash.camelcase/-/lodash.camelcase-4.3.0.tgz 0ms (cache hit)
566 http cache @types/node@https://registry.npmjs.org/@types/node/-/node-25.9.0.tgz 0ms (cache hit)
567 http cache @firebase/storage-types@https://registry.npmjs.org/@firebase/storage-types/-/storage-types-0.8.4.tgz 0ms (cache hit)
568 http cache @firebase/remote-config-types@https://registry.npmjs.org/@firebase/remote-config-types/-/remote-config-types-0.5.1.tgz 0ms (cache hit)
569 http cache @firebase/performance-types@https://registry.npmjs.org/@firebase/performance-types/-/performance-types-0.2.4.tgz 0ms (cache hit)
570 http cache web-vitals@https://registry.npmjs.org/web-vitals/-/web-vitals-4.2.4.tgz 0ms (cache hit)
571 http cache @firebase/installations-types@https://registry.npmjs.org/@firebase/installations-types/-/installations-types-0.5.4.tgz 0ms (cache hit)
572 http cache @firebase/functions-types@https://registry.npmjs.org/@firebase/functions-types/-/functions-types-0.6.4.tgz 0ms (cache hit)
573 http cache @firebase/messaging-interop-types@https://registry.npmjs.org/@firebase/messaging-interop-types/-/messaging-interop-types-0.2.4.tgz 0ms (cache hit)
574 http cache @firebase/firestore-types@https://registry.npmjs.org/@firebase/firestore-types/-/firestore-types-3.0.4.tgz 0ms (cache hit)
575 http cache @grpc/proto-loader@https://registry.npmjs.org/@grpc/proto-loader/-/proto-loader-0.7.15.tgz 0ms (cache hit)
576 http cache @grpc/grpc-js@https://registry.npmjs.org/@grpc/grpc-js/-/grpc-js-1.9.15.tgz 0ms (cache hit)
577 http cache @firebase/webchannel-wrapper@https://registry.npmjs.org/@firebase/webchannel-wrapper/-/webchannel-wrapper-1.0.6.tgz 1ms (cache hit)
578 http cache faye-websocket@https://registry.npmjs.org/faye-websocket/-/faye-websocket-0.11.4.tgz 0ms (cache hit)
579 http cache @firebase/database-types@https://registry.npmjs.org/@firebase/database-types/-/database-types-1.0.20.tgz 0ms (cache hit)
580 http cache @firebase/auth-interop-types@https://registry.npmjs.org/@firebase/auth-interop-types/-/auth-interop-types-0.2.5.tgz 0ms (cache hit)
581 http cache @firebase/auth-types@https://registry.npmjs.org/@firebase/auth-types/-/auth-types-0.13.1.tgz 0ms (cache hit)
582 http cache @firebase/app-check-types@https://registry.npmjs.org/@firebase/app-check-types/-/app-check-types-0.5.4.tgz 0ms (cache hit)
583 http cache idb@https://registry.npmjs.org/idb/-/idb-7.1.1.tgz 0ms (cache hit)
584 http cache @firebase/analytics-types@https://registry.npmjs.org/@firebase/analytics-types/-/analytics-types-0.8.4.tgz 0ms (cache hit)
585 http cache tslib@https://registry.npmjs.org/tslib/-/tslib-2.8.1.tgz 0ms (cache hit)
586 http cache @firebase/logger@https://registry.npmjs.org/@firebase/logger/-/logger-0.5.1.tgz 0ms (cache hit)
587 http cache @firebase/component@https://registry.npmjs.org/@firebase/component/-/component-0.7.3.tgz 0ms (cache hit)
588 http cache @firebase/app-check-interop-types@https://registry.npmjs.org/@firebase/app-check-interop-types/-/app-check-interop-types-0.3.4.tgz 0ms (cache hit)
589 http cache @firebase/util@https://registry.npmjs.org/@firebase/util/-/util-1.15.1.tgz 0ms (cache hit)
590 http cache @firebase/storage-compat@https://registry.npmjs.org/@firebase/storage-compat/-/storage-compat-0.4.3.tgz 0ms (cache hit)
591 http cache @firebase/storage@https://registry.npmjs.org/@firebase/storage/-/storage-0.14.3.tgz 0ms (cache hit)
592 http cache @firebase/remote-config-compat@https://registry.npmjs.org/@firebase/remote-config-compat/-/remote-config-compat-0.2.24.tgz 0ms (cache hit)
593 http cache @firebase/remote-config@https://registry.npmjs.org/@firebase/remote-config/-/remote-config-0.8.3.tgz 0ms (cache hit)
594 http cache @firebase/performance-compat@https://registry.npmjs.org/@firebase/performance-compat/-/performance-compat-0.2.25.tgz 0ms (cache hit)
595 http cache @firebase/performance@https://registry.npmjs.org/@firebase/performance/-/performance-0.7.12.tgz 0ms (cache hit)
596 http cache @firebase/messaging-compat@https://registry.npmjs.org/@firebase/messaging-compat/-/messaging-compat-0.2.26.tgz 1ms (cache hit)
597 http cache @firebase/messaging@https://registry.npmjs.org/@firebase/messaging/-/messaging-0.12.26.tgz 0ms (cache hit)
598 http cache @firebase/installations-compat@https://registry.npmjs.org/@firebase/installations-compat/-/installations-compat-0.2.22.tgz 0ms (cache hit)
599 http cache @firebase/installations@https://registry.npmjs.org/@firebase/installations/-/installations-0.6.22.tgz 0ms (cache hit)
600 http cache @firebase/functions-compat@https://registry.npmjs.org/@firebase/functions-compat/-/functions-compat-0.4.4.tgz 0ms (cache hit)
601 http cache @firebase/functions@https://registry.npmjs.org/@firebase/functions/-/functions-0.13.4.tgz 0ms (cache hit)
602 http cache @firebase/firestore-compat@https://registry.npmjs.org/@firebase/firestore-compat/-/firestore-compat-0.4.9.tgz 0ms (cache hit)
603 http cache @firebase/firestore@https://registry.npmjs.org/@firebase/firestore/-/firestore-4.14.1.tgz 0ms (cache hit)
604 http cache @firebase/database-compat@https://registry.npmjs.org/@firebase/database-compat/-/database-compat-2.1.4.tgz 0ms (cache hit)
605 http cache @firebase/database@https://registry.npmjs.org/@firebase/database/-/database-1.1.3.tgz 0ms (cache hit)
606 http cache @firebase/data-connect@https://registry.npmjs.org/@firebase/data-connect/-/data-connect-0.7.0.tgz 0ms (cache hit)
607 http cache @firebase/auth-compat@https://registry.npmjs.org/@firebase/auth-compat/-/auth-compat-0.6.6.tgz 0ms (cache hit)
608 http cache @firebase/auth@https://registry.npmjs.org/@firebase/auth/-/auth-1.13.1.tgz 0ms (cache hit)
609 http cache @firebase/app-check-compat@https://registry.npmjs.org/@firebase/app-check-compat/-/app-check-compat-0.4.3.tgz 0ms (cache hit)
610 http cache @firebase/app-check@https://registry.npmjs.org/@firebase/app-check/-/app-check-0.11.3.tgz 0ms (cache hit)
611 http cache @firebase/app-compat@https://registry.npmjs.org/@firebase/app-compat/-/app-compat-0.5.12.tgz 0ms (cache hit)
612 http cache @firebase/analytics-compat@https://registry.npmjs.org/@firebase/analytics-compat/-/analytics-compat-0.2.28.tgz 0ms (cache hit)
613 http cache @firebase/analytics@https://registry.npmjs.org/@firebase/analytics/-/analytics-0.10.22.tgz 1ms (cache hit)
614 http cache @firebase/app-types@https://registry.npmjs.org/@firebase/app-types/-/app-types-0.9.5.tgz 0ms (cache hit)
615 http cache @firebase/app@https://registry.npmjs.org/@firebase/app/-/app-0.14.12.tgz 0ms (cache hit)
616 http cache @firebase/ai@https://registry.npmjs.org/@firebase/ai/-/ai-2.12.0.tgz 0ms (cache hit)
617 http cache object-assign@https://registry.npmjs.org/object-assign/-/object-assign-4.1.1.tgz 0ms (cache hit)
618 http cache firebase@https://registry.npmjs.org/firebase/-/firebase-12.13.0.tgz 0ms (cache hit)
619 http cache cors@https://registry.npmjs.org/cors/-/cors-2.8.6.tgz 0ms (cache hit)
620 silly tarball no local data for color-name@https://registry.npmjs.org/color-name/-/color-name-1.1.4.tgz. Extracting by manifest.
621 silly tarball no local data for color-convert@https://registry.npmjs.org/color-convert/-/color-convert-2.0.1.tgz. Extracting by manifest.
622 silly tarball no local data for ansi-styles@https://registry.npmjs.org/ansi-styles/-/ansi-styles-4.3.0.tgz. Extracting by manifest.
623 silly tarball no local data for ansi-regex@https://registry.npmjs.org/ansi-regex/-/ansi-regex-5.0.1.tgz. Extracting by manifest.
624 silly tarball no local data for is-fullwidth-code-point@https://registry.npmjs.org/is-fullwidth-code-point/-/is-fullwidth-code-point-3.0.0.tgz. Extracting by manifest.
625 silly tarball no local data for emoji-regex@https://registry.npmjs.org/emoji-regex/-/emoji-regex-8.0.0.tgz. Extracting by manifest.
626 silly tarball no local data for strip-ansi@https://registry.npmjs.org/strip-ansi/-/strip-ansi-6.0.1.tgz. Extracting by manifest.
627 silly tarball no local data for wrap-ansi@https://registry.npmjs.org/wrap-ansi/-/wrap-ansi-7.0.0.tgz. Extracting by manifest.
628 silly tarball no local data for yargs-parser@https://registry.npmjs.org/yargs-parser/-/yargs-parser-21.1.1.tgz. Extracting by manifest.
629 silly tarball no local data for string-width@https://registry.npmjs.org/string-width/-/string-width-4.2.3.tgz. Extracting by manifest.
630 silly tarball no local data for y18n@https://registry.npmjs.org/y18n/-/y18n-5.0.8.tgz. Extracting by manifest.
631 silly tarball no local data for require-directory@https://registry.npmjs.org/require-directory/-/require-directory-2.1.1.tgz. Extracting by manifest.
632 silly tarball no local data for get-caller-file@https://registry.npmjs.org/get-caller-file/-/get-caller-file-2.0.5.tgz. Extracting by manifest.
633 silly tarball no local data for cliui@https://registry.npmjs.org/cliui/-/cliui-8.0.1.tgz. Extracting by manifest.
634 silly tarball no local data for escalade@https://registry.npmjs.org/escalade/-/escalade-3.2.0.tgz. Extracting by manifest.
635 silly tarball no local data for safe-buffer@https://registry.npmjs.org/safe-buffer/-/safe-buffer-5.2.1.tgz. Extracting by manifest.
636 silly tarball no local data for websocket-extensions@https://registry.npmjs.org/websocket-extensions/-/websocket-extensions-0.1.4.tgz. Extracting by manifest.
637 silly tarball no local data for http-parser-js@https://registry.npmjs.org/http-parser-js/-/http-parser-js-0.5.10.tgz. Extracting by manifest.
638 silly tarball no local data for @protobufjs/utf8@https://registry.npmjs.org/@protobufjs/utf8/-/utf8-1.1.1.tgz. Extracting by manifest.
639 silly tarball no local data for @protobufjs/pool@https://registry.npmjs.org/@protobufjs/pool/-/pool-1.1.0.tgz. Extracting by manifest.
640 silly tarball no local data for @protobufjs/path@https://registry.npmjs.org/@protobufjs/path/-/path-1.1.2.tgz. Extracting by manifest.
641 silly tarball no local data for @protobufjs/inquire@https://registry.npmjs.org/@protobufjs/inquire/-/inquire-1.1.2.tgz. Extracting by manifest.
642 silly tarball no local data for @protobufjs/float@https://registry.npmjs.org/@protobufjs/float/-/float-1.0.2.tgz. Extracting by manifest.
643 silly tarball no local data for @protobufjs/eventemitter@https://registry.npmjs.org/@protobufjs/eventemitter/-/eventemitter-1.1.0.tgz. Extracting by manifest.
644 silly tarball no local data for @protobufjs/fetch@https://registry.npmjs.org/@protobufjs/fetch/-/fetch-1.1.1.tgz. Extracting by manifest.
645 silly tarball no local data for @protobufjs/base64@https://registry.npmjs.org/@protobufjs/base64/-/base64-1.1.2.tgz. Extracting by manifest.
646 silly tarball no local data for @protobufjs/codegen@https://registry.npmjs.org/@protobufjs/codegen/-/codegen-2.0.5.tgz. Extracting by manifest.
647 silly tarball no local data for @protobufjs/aspromise@https://registry.npmjs.org/@protobufjs/aspromise/-/aspromise-1.1.2.tgz. Extracting by manifest.
648 silly tarball no local data for websocket-driver@https://registry.npmjs.org/websocket-driver/-/websocket-driver-0.7.4.tgz. Extracting by manifest.
649 silly tarball no local data for undici-types@https://registry.npmjs.org/undici-types/-/undici-types-7.24.6.tgz. Extracting by manifest.
650 silly tarball no local data for yargs@https://registry.npmjs.org/yargs/-/yargs-17.7.2.tgz. Extracting by manifest.
651 silly tarball no local data for protobufjs@https://registry.npmjs.org/protobufjs/-/protobufjs-7.6.0.tgz. Extracting by manifest.
652 silly tarball no local data for lodash.camelcase@https://registry.npmjs.org/lodash.camelcase/-/lodash.camelcase-4.3.0.tgz. Extracting by manifest.
653 silly tarball no local data for long@https://registry.npmjs.org/long/-/long-5.3.2.tgz. Extracting by manifest.
654 silly tarball no local data for @types/node@https://registry.npmjs.org/@types/node/-/node-25.9.0.tgz. Extracting by manifest.
655 silly tarball no local data for @firebase/storage-types@https://registry.npmjs.org/@firebase/storage-types/-/storage-types-0.8.4.tgz. Extracting by manifest.
656 silly tarball no local data for @firebase/remote-config-types@https://registry.npmjs.org/@firebase/remote-config-types/-/remote-config-types-0.5.1.tgz. Extracting by manifest.
657 silly tarball no local data for @firebase/performance-types@https://registry.npmjs.org/@firebase/performance-types/-/performance-types-0.2.4.tgz. Extracting by manifest.
658 silly tarball no local data for web-vitals@https://registry.npmjs.org/web-vitals/-/web-vitals-4.2.4.tgz. Extracting by manifest.
659 silly tarball no local data for @firebase/installations-types@https://registry.npmjs.org/@firebase/installations-types/-/installations-types-0.5.4.tgz. Extracting by manifest.
660 silly tarball no local data for @firebase/functions-types@https://registry.npmjs.org/@firebase/functions-types/-/functions-types-0.6.4.tgz. Extracting by manifest.
661 silly tarball no local data for @firebase/messaging-interop-types@https://registry.npmjs.org/@firebase/messaging-interop-types/-/messaging-interop-types-0.2.4.tgz. Extracting by manifest.
662 silly tarball no local data for @firebase/firestore-types@https://registry.npmjs.org/@firebase/firestore-types/-/firestore-types-3.0.4.tgz. Extracting by manifest.
663 silly tarball no local data for @grpc/grpc-js@https://registry.npmjs.org/@grpc/grpc-js/-/grpc-js-1.9.15.tgz. Extracting by manifest.
664 silly tarball no local data for @grpc/proto-loader@https://registry.npmjs.org/@grpc/proto-loader/-/proto-loader-0.7.15.tgz. Extracting by manifest.
665 silly tarball no local data for @firebase/webchannel-wrapper@https://registry.npmjs.org/@firebase/webchannel-wrapper/-/webchannel-wrapper-1.0.6.tgz. Extracting by manifest.
666 silly tarball no local data for faye-websocket@https://registry.npmjs.org/faye-websocket/-/faye-websocket-0.11.4.tgz. Extracting by manifest.
667 silly tarball no local data for @firebase/database-types@https://registry.npmjs.org/@firebase/database-types/-/database-types-1.0.20.tgz. Extracting by manifest.
668 silly tarball no local data for @firebase/auth-types@https://registry.npmjs.org/@firebase/auth-types/-/auth-types-0.13.1.tgz. Extracting by manifest.
669 silly tarball no local data for @firebase/app-check-types@https://registry.npmjs.org/@firebase/app-check-types/-/app-check-types-0.5.4.tgz. Extracting by manifest.
670 silly tarball no local data for @firebase/auth-interop-types@https://registry.npmjs.org/@firebase/auth-interop-types/-/auth-interop-types-0.2.5.tgz. Extracting by manifest.
671 silly tarball no local data for @firebase/analytics-types@https://registry.npmjs.org/@firebase/analytics-types/-/analytics-types-0.8.4.tgz. Extracting by manifest.
672 silly tarball no local data for idb@https://registry.npmjs.org/idb/-/idb-7.1.1.tgz. Extracting by manifest.
673 silly tarball no local data for tslib@https://registry.npmjs.org/tslib/-/tslib-2.8.1.tgz. Extracting by manifest.
674 silly tarball no local data for @firebase/logger@https://registry.npmjs.org/@firebase/logger/-/logger-0.5.1.tgz. Extracting by manifest.
675 silly tarball no local data for @firebase/component@https://registry.npmjs.org/@firebase/component/-/component-0.7.3.tgz. Extracting by manifest.
676 silly tarball no local data for @firebase/app-check-interop-types@https://registry.npmjs.org/@firebase/app-check-interop-types/-/app-check-interop-types-0.3.4.tgz. Extracting by manifest.
677 silly tarball no local data for @firebase/storage-compat@https://registry.npmjs.org/@firebase/storage-compat/-/storage-compat-0.4.3.tgz. Extracting by manifest.
678 silly tarball no local data for @firebase/util@https://registry.npmjs.org/@firebase/util/-/util-1.15.1.tgz. Extracting by manifest.
679 silly tarball no local data for @firebase/storage@https://registry.npmjs.org/@firebase/storage/-/storage-0.14.3.tgz. Extracting by manifest.
680 silly tarball no local data for @firebase/remote-config-compat@https://registry.npmjs.org/@firebase/remote-config-compat/-/remote-config-compat-0.2.24.tgz. Extracting by manifest.
681 silly tarball no local data for @firebase/remote-config@https://registry.npmjs.org/@firebase/remote-config/-/remote-config-0.8.3.tgz. Extracting by manifest.
682 silly tarball no local data for @firebase/performance-compat@https://registry.npmjs.org/@firebase/performance-compat/-/performance-compat-0.2.25.tgz. Extracting by manifest.
683 silly tarball no local data for @firebase/performance@https://registry.npmjs.org/@firebase/performance/-/performance-0.7.12.tgz. Extracting by manifest.
684 silly tarball no local data for @firebase/messaging-compat@https://registry.npmjs.org/@firebase/messaging-compat/-/messaging-compat-0.2.26.tgz. Extracting by manifest.
685 silly tarball no local data for @firebase/messaging@https://registry.npmjs.org/@firebase/messaging/-/messaging-0.12.26.tgz. Extracting by manifest.
686 silly tarball no local data for @firebase/installations-compat@https://registry.npmjs.org/@firebase/installations-compat/-/installations-compat-0.2.22.tgz. Extracting by manifest.
687 silly tarball no local data for @firebase/installations@https://registry.npmjs.org/@firebase/installations/-/installations-0.6.22.tgz. Extracting by manifest.
688 silly tarball no local data for @firebase/functions-compat@https://registry.npmjs.org/@firebase/functions-compat/-/functions-compat-0.4.4.tgz. Extracting by manifest.
689 silly tarball no local data for @firebase/functions@https://registry.npmjs.org/@firebase/functions/-/functions-0.13.4.tgz. Extracting by manifest.
690 silly tarball no local data for @firebase/firestore-compat@https://registry.npmjs.org/@firebase/firestore-compat/-/firestore-compat-0.4.9.tgz. Extracting by manifest.
691 silly tarball no local data for @firebase/firestore@https://registry.npmjs.org/@firebase/firestore/-/firestore-4.14.1.tgz. Extracting by manifest.
692 silly tarball no local data for @firebase/database-compat@https://registry.npmjs.org/@firebase/database-compat/-/database-compat-2.1.4.tgz. Extracting by manifest.
693 silly tarball no local data for @firebase/database@https://registry.npmjs.org/@firebase/database/-/database-1.1.3.tgz. Extracting by manifest.
694 silly tarball no local data for @firebase/data-connect@https://registry.npmjs.org/@firebase/data-connect/-/data-connect-0.7.0.tgz. Extracting by manifest.
695 silly tarball no local data for @firebase/auth-compat@https://registry.npmjs.org/@firebase/auth-compat/-/auth-compat-0.6.6.tgz. Extracting by manifest.
696 silly tarball no local data for @firebase/auth@https://registry.npmjs.org/@firebase/auth/-/auth-1.13.1.tgz. Extracting by manifest.
697 silly tarball no local data for @firebase/app-check-compat@https://registry.npmjs.org/@firebase/app-check-compat/-/app-check-compat-0.4.3.tgz. Extracting by manifest.
698 silly tarball no local data for @firebase/app-compat@https://registry.npmjs.org/@firebase/app-compat/-/app-compat-0.5.12.tgz. Extracting by manifest.
699 silly tarball no local data for @firebase/app-check@https://registry.npmjs.org/@firebase/app-check/-/app-check-0.11.3.tgz. Extracting by manifest.
700 silly tarball no local data for @firebase/analytics-compat@https://registry.npmjs.org/@firebase/analytics-compat/-/analytics-compat-0.2.28.tgz. Extracting by manifest.
701 silly tarball no local data for @firebase/app-types@https://registry.npmjs.org/@firebase/app-types/-/app-types-0.9.5.tgz. Extracting by manifest.
702 silly tarball no local data for @firebase/analytics@https://registry.npmjs.org/@firebase/analytics/-/analytics-0.10.22.tgz. Extracting by manifest.
703 silly tarball no local data for @firebase/app@https://registry.npmjs.org/@firebase/app/-/app-0.14.12.tgz. Extracting by manifest.
704 silly tarball no local data for @firebase/ai@https://registry.npmjs.org/@firebase/ai/-/ai-2.12.0.tgz. Extracting by manifest.
705 silly tarball no local data for firebase@https://registry.npmjs.org/firebase/-/firebase-12.13.0.tgz. Extracting by manifest.
706 http fetch POST 200 https://registry.npmjs.org/-/npm/v1/security/advisories/bulk 745ms
707 silly audit report {}
708 http fetch GET 200 https://registry.npmjs.org/color-name/-/color-name-1.1.4.tgz 627ms (cache miss)
709 http fetch GET 200 https://registry.npmjs.org/ansi-regex/-/ansi-regex-5.0.1.tgz 622ms (cache miss)
710 http fetch GET 200 https://registry.npmjs.org/ansi-styles/-/ansi-styles-4.3.0.tgz 627ms (cache miss)
711 http fetch GET 200 https://registry.npmjs.org/color-convert/-/color-convert-2.0.1.tgz 632ms (cache miss)
712 http fetch GET 200 https://registry.npmjs.org/websocket-extensions/-/websocket-extensions-0.1.4.tgz 1969ms (cache miss)
713 http fetch GET 200 https://registry.npmjs.org/http-parser-js/-/http-parser-js-0.5.10.tgz 2159ms (cache miss)
714 http fetch GET 200 https://registry.npmjs.org/@protobufjs/pool/-/pool-1.1.0.tgz 3066ms (cache miss)
715 http fetch GET 200 https://registry.npmjs.org/y18n/-/y18n-5.0.8.tgz 3318ms (cache miss)
716 http fetch GET 200 https://registry.npmjs.org/is-fullwidth-code-point/-/is-fullwidth-code-point-3.0.0.tgz 3352ms (cache miss)
717 http fetch GET 200 https://registry.npmjs.org/get-caller-file/-/get-caller-file-2.0.5.tgz 3449ms (cache miss)
718 http fetch GET 200 https://registry.npmjs.org/require-directory/-/require-directory-2.1.1.tgz 3468ms (cache miss)
719 http fetch GET 200 https://registry.npmjs.org/cliui/-/cliui-8.0.1.tgz 3615ms (cache miss)
720 http fetch GET 200 https://registry.npmjs.org/@protobufjs/path/-/path-1.1.2.tgz 3614ms (cache miss)
721 http fetch GET 200 https://registry.npmjs.org/@protobufjs/float/-/float-1.0.2.tgz 3631ms (cache miss)
722 http fetch GET 200 https://registry.npmjs.org/@protobufjs/inquire/-/inquire-1.1.2.tgz 3658ms (cache miss)
723 http fetch GET 200 https://registry.npmjs.org/@protobufjs/eventemitter/-/eventemitter-1.1.0.tgz 3670ms (cache miss)
724 http fetch GET 200 https://registry.npmjs.org/@protobufjs/fetch/-/fetch-1.1.1.tgz 3705ms (cache miss)
725 http fetch GET 200 https://registry.npmjs.org/@protobufjs/base64/-/base64-1.1.2.tgz 3709ms (cache miss)
726 http fetch GET 200 https://registry.npmjs.org/wrap-ansi/-/wrap-ansi-7.0.0.tgz 4119ms (cache miss)
727 http fetch GET 200 https://registry.npmjs.org/@protobufjs/aspromise/-/aspromise-1.1.2.tgz 5059ms (cache miss)
728 http fetch GET 200 https://registry.npmjs.org/@protobufjs/codegen/-/codegen-2.0.5.tgz 6441ms (cache miss)
729 http fetch GET 200 https://registry.npmjs.org/websocket-driver/-/websocket-driver-0.7.4.tgz 8319ms (cache miss)
730 http fetch GET 200 https://registry.npmjs.org/long/-/long-5.3.2.tgz 8461ms (cache miss)
731 http fetch GET 200 https://registry.npmjs.org/yargs-parser/-/yargs-parser-21.1.1.tgz 8695ms (cache miss)
732 http fetch GET 200 https://registry.npmjs.org/undici-types/-/undici-types-7.24.6.tgz 8870ms (cache miss)
733 http fetch GET 200 https://registry.npmjs.org/@protobufjs/utf8/-/utf8-1.1.1.tgz 9084ms (cache miss)
734 http fetch GET 200 https://registry.npmjs.org/string-width/-/string-width-4.2.3.tgz 9143ms (cache miss)
735 http fetch GET 200 https://registry.npmjs.org/emoji-regex/-/emoji-regex-8.0.0.tgz 10058ms (cache miss)
736 http fetch GET 200 https://registry.npmjs.org/strip-ansi/-/strip-ansi-6.0.1.tgz 10113ms (cache miss)
737 http fetch GET 200 https://registry.npmjs.org/@firebase/functions-types/-/functions-types-0.6.4.tgz 10488ms (cache miss)
738 http fetch GET 200 https://registry.npmjs.org/@firebase/messaging-interop-types/-/messaging-interop-types-0.2.4.tgz 11313ms (cache miss)
739 http fetch GET 200 https://registry.npmjs.org/lodash.camelcase/-/lodash.camelcase-4.3.0.tgz 11945ms (cache miss)
740 http fetch GET 200 https://registry.npmjs.org/@firebase/installations-types/-/installations-types-0.5.4.tgz 12207ms (cache miss)
741 http fetch GET 200 https://registry.npmjs.org/@firebase/performance-types/-/performance-types-0.2.4.tgz 13126ms (cache miss)
742 http fetch GET 200 https://registry.npmjs.org/@firebase/database-types/-/database-types-1.0.20.tgz 14011ms (cache miss)
743 http fetch GET 200 https://registry.npmjs.org/faye-websocket/-/faye-websocket-0.11.4.tgz 14662ms (cache miss)
744 http fetch GET 200 https://registry.npmjs.org/@firebase/firestore-types/-/firestore-types-3.0.4.tgz 14673ms (cache miss)
745 http fetch GET 200 https://registry.npmjs.org/yargs/-/yargs-17.7.2.tgz 14899ms (cache miss)
746 http fetch GET 200 https://registry.npmjs.org/@firebase/storage-types/-/storage-types-0.8.4.tgz 15185ms (cache miss)
747 http fetch GET 200 https://registry.npmjs.org/@firebase/app-check-types/-/app-check-types-0.5.4.tgz 15917ms (cache miss)
748 http fetch GET 200 https://registry.npmjs.org/@firebase/remote-config-types/-/remote-config-types-0.5.1.tgz 15988ms (cache miss)
749 http fetch GET 200 https://registry.npmjs.org/web-vitals/-/web-vitals-4.2.4.tgz 16019ms (cache miss)
750 http fetch GET 200 https://registry.npmjs.org/@firebase/auth-interop-types/-/auth-interop-types-0.2.5.tgz 16618ms (cache miss)
751 http fetch GET 200 https://registry.npmjs.org/@firebase/app-check-interop-types/-/app-check-interop-types-0.3.4.tgz 18117ms (cache miss)
752 http fetch GET 200 https://registry.npmjs.org/@grpc/proto-loader/-/proto-loader-0.7.15.tgz 18715ms (cache miss)
753 http fetch GET 200 https://registry.npmjs.org/idb/-/idb-7.1.1.tgz 19261ms (cache miss)
754 http fetch GET 200 https://registry.npmjs.org/@firebase/webchannel-wrapper/-/webchannel-wrapper-1.0.6.tgz 20045ms (cache miss)
755 http fetch GET 200 https://registry.npmjs.org/@firebase/component/-/component-0.7.3.tgz 20339ms (cache miss)
756 http fetch GET 200 https://registry.npmjs.org/@firebase/auth-types/-/auth-types-0.13.1.tgz 22140ms (cache miss)
757 http fetch GET 200 https://registry.npmjs.org/@firebase/performance-compat/-/performance-compat-0.2.25.tgz 22462ms (cache miss)
758 http fetch GET 200 https://registry.npmjs.org/@firebase/logger/-/logger-0.5.1.tgz 22854ms (cache miss)
759 http fetch GET 200 https://registry.npmjs.org/@firebase/remote-config-compat/-/remote-config-compat-0.2.24.tgz 23012ms (cache miss)
760 http fetch GET 200 https://registry.npmjs.org/@firebase/storage-compat/-/storage-compat-0.4.3.tgz 23625ms (cache miss)
761 http fetch GET 200 https://registry.npmjs.org/@firebase/installations-compat/-/installations-compat-0.2.22.tgz 26897ms (cache miss)
762 http fetch GET 200 https://registry.npmjs.org/safe-buffer/-/safe-buffer-5.2.1.tgz 32884ms (cache miss)
763 http fetch GET 200 https://registry.npmjs.org/@firebase/analytics-types/-/analytics-types-0.8.4.tgz 33185ms (cache miss)
764 http fetch GET 200 https://registry.npmjs.org/@firebase/remote-config/-/remote-config-0.8.3.tgz 34694ms (cache miss)
765 http fetch GET 200 https://registry.npmjs.org/@firebase/installations/-/installations-0.6.22.tgz 36910ms (cache miss)
766 http fetch GET 200 https://registry.npmjs.org/@firebase/functions-compat/-/functions-compat-0.4.4.tgz 38709ms (cache miss)
767 http fetch GET 200 https://registry.npmjs.org/tslib/-/tslib-2.8.1.tgz 41849ms (cache miss)
768 http fetch GET 200 https://registry.npmjs.org/@firebase/functions/-/functions-0.13.4.tgz 41924ms (cache miss)
769 http fetch GET 200 https://registry.npmjs.org/@firebase/performance/-/performance-0.7.12.tgz 43348ms (cache miss)
770 http fetch GET 200 https://registry.npmjs.org/@types/node/-/node-25.9.0.tgz 53318ms (cache miss)
771 http fetch GET 200 https://registry.npmjs.org/@grpc/grpc-js/-/grpc-js-1.9.15.tgz 57685ms (cache miss)
772 http fetch GET 200 https://registry.npmjs.org/@firebase/app-check-compat/-/app-check-compat-0.4.3.tgz 57925ms (cache miss)
773 http fetch GET 200 https://registry.npmjs.org/@firebase/app-compat/-/app-compat-0.5.12.tgz 61105ms (cache miss)
774 http fetch GET 200 https://registry.npmjs.org/@firebase/analytics-compat/-/analytics-compat-0.2.28.tgz 63192ms (cache miss)
775 http fetch GET 200 https://registry.npmjs.org/@firebase/app-check/-/app-check-0.11.3.tgz 69064ms (cache miss)
776 http fetch GET 200 https://registry.npmjs.org/@firebase/util/-/util-1.15.1.tgz 71665ms (cache miss)
777 http fetch GET 200 https://registry.npmjs.org/@firebase/app-types/-/app-types-0.9.5.tgz 74238ms (cache miss)
778 http fetch GET 200 https://registry.npmjs.org/@firebase/messaging-compat/-/messaging-compat-0.2.26.tgz 76312ms (cache miss)
779 http fetch GET 200 https://registry.npmjs.org/@firebase/auth-compat/-/auth-compat-0.6.6.tgz 78912ms (cache miss)
780 http fetch GET 200 https://registry.npmjs.org/@firebase/analytics/-/analytics-0.10.22.tgz 79108ms (cache miss)
781 http fetch GET 200 https://registry.npmjs.org/@firebase/firestore-compat/-/firestore-compat-0.4.9.tgz 85038ms (cache miss)
782 http fetch GET 200 https://registry.npmjs.org/protobufjs/-/protobufjs-7.6.0.tgz 85832ms (cache miss)
783 http fetch GET 200 https://registry.npmjs.org/@firebase/app/-/app-0.14.12.tgz 90948ms (cache miss)
784 http fetch GET 200 https://registry.npmjs.org/@firebase/messaging/-/messaging-0.12.26.tgz 97433ms (cache miss)
785 http fetch GET 200 https://registry.npmjs.org/escalade/-/escalade-3.2.0.tgz 107747ms (cache miss)
786 http fetch GET 200 https://registry.npmjs.org/@firebase/database-compat/-/database-compat-2.1.4.tgz 121844ms (cache miss)
787 http fetch GET 200 https://registry.npmjs.org/@firebase/ai/-/ai-2.12.0.tgz 128228ms (cache miss)
788 http fetch GET 200 https://registry.npmjs.org/@firebase/storage/-/storage-0.14.3.tgz 130016ms (cache miss)
789 http fetch GET 200 https://registry.npmjs.org/@firebase/data-connect/-/data-connect-0.7.0.tgz 302820ms (cache miss)
790 http fetch GET 200 https://registry.npmjs.org/@firebase/database/-/database-1.1.3.tgz 527567ms (cache miss)
791 http fetch GET 200 https://registry.npmjs.org/@firebase/auth/-/auth-1.13.1.tgz 956219ms (cache miss)
792 verbose stack Error: read ECONNABORTED
792 verbose stack     at TLSWrap.onStreamRead (node:internal/stream_base_commons:216:20)
793 error code ECONNABORTED
794 error syscall read
795 error errno -103
796 error read ECONNABORTED
797 silly unfinished npm timer reify 1779205674745
798 silly unfinished npm timer reify:unpack 1779206098947
799 silly unfinished npm timer reifyNode:node_modules/@firebase/firestore 1779206098951
800 silly unfinished npm timer reifyNode:node_modules/firebase 1779206098951
801 verbose cwd /data/data/com.termux/files/home
802 verbose os Linux 4.19.191+
803 verbose node v24.14.1
804 verbose npm  v11.14.1
805 verbose exit -103
806 verbose code -103
807 error A complete log of this run can be found in: /data/data/com.termux/files/home/.npm/_logs/2026-05-19T15_47_51_975Z-debug-0.log
